Archive member included to satisfy reference by file (symbol)

/ledgerdev/bolosenv/gcc-arm-none-eabi-5_3-2016q1/bin/../lib/gcc/arm-none-eabi/5.3.1/armv6-m/libgcc.a(_udivsi3.o)
                              obj/hive_utils.o (__aeabi_uidiv)
/ledgerdev/bolosenv/gcc-arm-none-eabi-5_3-2016q1/bin/../lib/gcc/arm-none-eabi/5.3.1/armv6-m/libgcc.a(_divsi3.o)
                              obj/hive_utils.o (__aeabi_idiv)
/ledgerdev/bolosenv/gcc-arm-none-eabi-5_3-2016q1/bin/../lib/gcc/arm-none-eabi/5.3.1/armv6-m/libgcc.a(_dvmd_tls.o)
                              /ledgerdev/bolosenv/gcc-arm-none-eabi-5_3-2016q1/bin/../lib/gcc/arm-none-eabi/5.3.1/armv6-m/libgcc.a(_udivsi3.o) (__aeabi_idiv0)
/ledgerdev/bolosenv/gcc-arm-none-eabi-5_3-2016q1/bin/../lib/gcc/arm-none-eabi/5.3.1/armv6-m/libgcc.a(_aeabi_ldivmod.o)
                              obj/hive_utils.o (__aeabi_ldivmod)
/ledgerdev/bolosenv/gcc-arm-none-eabi-5_3-2016q1/bin/../lib/gcc/arm-none-eabi/5.3.1/armv6-m/libgcc.a(_aeabi_uldivmod.o)
                              obj/hive_utils.o (__aeabi_uldivmod)
/ledgerdev/bolosenv/gcc-arm-none-eabi-5_3-2016q1/bin/../lib/gcc/arm-none-eabi/5.3.1/armv6-m/libgcc.a(_udivmoddi4.o)
                              /ledgerdev/bolosenv/gcc-arm-none-eabi-5_3-2016q1/bin/../lib/gcc/arm-none-eabi/5.3.1/armv6-m/libgcc.a(_aeabi_uldivmod.o) (__udivmoddi4)
/ledgerdev/bolosenv/gcc-arm-none-eabi-5_3-2016q1/bin/../lib/gcc/arm-none-eabi/5.3.1/armv6-m/libgcc.a(bpabi.o)
                              /ledgerdev/bolosenv/gcc-arm-none-eabi-5_3-2016q1/bin/../lib/gcc/arm-none-eabi/5.3.1/armv6-m/libgcc.a(_aeabi_ldivmod.o) (__gnu_ldivmod_helper)
/ledgerdev/bolosenv/gcc-arm-none-eabi-5_3-2016q1/bin/../lib/gcc/arm-none-eabi/5.3.1/armv6-m/libgcc.a(_clzdi2.o)
                              /ledgerdev/bolosenv/gcc-arm-none-eabi-5_3-2016q1/bin/../lib/gcc/arm-none-eabi/5.3.1/armv6-m/libgcc.a(_udivmoddi4.o) (__clzdi2)
/ledgerdev/bolosenv/gcc-arm-none-eabi-5_3-2016q1/bin/../lib/gcc/arm-none-eabi/5.3.1/armv6-m/libgcc.a(_muldi3.o)
                              /ledgerdev/bolosenv/gcc-arm-none-eabi-5_3-2016q1/bin/../lib/gcc/arm-none-eabi/5.3.1/armv6-m/libgcc.a(bpabi.o) (__aeabi_lmul)
/ledgerdev/bolosenv/gcc-arm-none-eabi-5_3-2016q1/bin/../lib/gcc/arm-none-eabi/5.3.1/armv6-m/libgcc.a(_divdi3.o)
                              /ledgerdev/bolosenv/gcc-arm-none-eabi-5_3-2016q1/bin/../lib/gcc/arm-none-eabi/5.3.1/armv6-m/libgcc.a(bpabi.o) (__divdi3)
/ledgerdev/bolosenv/gcc-arm-none-eabi-5_3-2016q1/bin/../lib/gcc/arm-none-eabi/5.3.1/armv6-m/libgcc.a(_clzsi2.o)
                              /ledgerdev/bolosenv/gcc-arm-none-eabi-5_3-2016q1/bin/../lib/gcc/arm-none-eabi/5.3.1/armv6-m/libgcc.a(_clzdi2.o) (__clzsi2)
/ledgerdev/bolosenv/gcc-arm-none-eabi-5_3-2016q1/bin/../lib/gcc/arm-none-eabi/5.3.1/../../../../arm-none-eabi/lib/armv6-m/libc.a(lib_a-aeabi_memclr.o)
                              obj/hive_utils.o (__aeabi_memclr)
/ledgerdev/bolosenv/gcc-arm-none-eabi-5_3-2016q1/bin/../lib/gcc/arm-none-eabi/5.3.1/../../../../arm-none-eabi/lib/armv6-m/libc.a(lib_a-aeabi_memcpy.o)
                              obj/hive_stream.o (__aeabi_memcpy)
/ledgerdev/bolosenv/gcc-arm-none-eabi-5_3-2016q1/bin/../lib/gcc/arm-none-eabi/5.3.1/../../../../arm-none-eabi/lib/armv6-m/libc.a(lib_a-aeabi_memset.o)
                              obj/os.o (__aeabi_memset)
/ledgerdev/bolosenv/gcc-arm-none-eabi-5_3-2016q1/bin/../lib/gcc/arm-none-eabi/5.3.1/../../../../arm-none-eabi/lib/armv6-m/libc.a(lib_a-memcpy-stub.o)
                              /ledgerdev/bolosenv/gcc-arm-none-eabi-5_3-2016q1/bin/../lib/gcc/arm-none-eabi/5.3.1/../../../../arm-none-eabi/lib/armv6-m/libc.a(lib_a-aeabi_memcpy.o) (memcpy)
/ledgerdev/bolosenv/gcc-arm-none-eabi-5_3-2016q1/bin/../lib/gcc/arm-none-eabi/5.3.1/../../../../arm-none-eabi/lib/armv6-m/libc.a(lib_a-memset.o)
                              /ledgerdev/bolosenv/gcc-arm-none-eabi-5_3-2016q1/bin/../lib/gcc/arm-none-eabi/5.3.1/../../../../arm-none-eabi/lib/armv6-m/libc.a(lib_a-aeabi_memset.o) (memset)
/ledgerdev/bolosenv/gcc-arm-none-eabi-5_3-2016q1/bin/../lib/gcc/arm-none-eabi/5.3.1/../../../../arm-none-eabi/lib/armv6-m/libc.a(lib_a-setjmp.o)
                              obj/hive_stream.o (setjmp)
/ledgerdev/bolosenv/gcc-arm-none-eabi-5_3-2016q1/bin/../lib/gcc/arm-none-eabi/5.3.1/../../../../arm-none-eabi/lib/armv6-m/libc.a(lib_a-strcat.o)
                              obj/hive_types.o (strcat)
/ledgerdev/bolosenv/gcc-arm-none-eabi-5_3-2016q1/bin/../lib/gcc/arm-none-eabi/5.3.1/../../../../arm-none-eabi/lib/armv6-m/libc.a(lib_a-strcpy.o)
                              obj/hive_types.o (strcpy)
/ledgerdev/bolosenv/gcc-arm-none-eabi-5_3-2016q1/bin/../lib/gcc/arm-none-eabi/5.3.1/../../../../arm-none-eabi/lib/armv6-m/libc.a(lib_a-strlen-stub.o)
                              obj/hive_parse.o (strlen)
/ledgerdev/bolosenv/gcc-arm-none-eabi-5_3-2016q1/bin/../lib/gcc/arm-none-eabi/5.3.1/../../../../arm-none-eabi/lib/armv6-m/libc.a(lib_a-strncpy.o)
[...]
Memory Configuration

Name             Origin             Length             Attributes
DISCARD          0xd0000000         0x00100000         xrw
FLASH            0xc0d00000         0x00064000         xr
SRAM             0x20001800         0x00001000         xrw
*default*        0x00000000         0xffffffff

Linker script and memory map

LOAD obj/cx_compliance_141.o
LOAD obj/glyphs.o
LOAD obj/hive_parse.o
LOAD obj/hive_parse_operations.o
LOAD obj/hive_parse_unknown.o
LOAD obj/hive_stream.o
LOAD obj/hive_types.o
LOAD obj/hive_utils.o
LOAD obj/main.o
LOAD obj/os.o
LOAD obj/os_io_seproxyhal.o
LOAD obj/os_printf.o
LOAD obj/pic.o
LOAD obj/pic_internal.o
LOAD obj/syscalls.o
LOAD obj/u2f_impl.o
LOAD obj/u2f_io.o
LOAD obj/u2f_transport.o
LOAD obj/usbd_ccid_cmd.o
LOAD obj/usbd_ccid_core.o
LOAD obj/usbd_ccid_if.o
LOAD obj/usbd_conf.o
LOAD obj/usbd_core.o
LOAD obj/usbd_ctlreq.o
LOAD obj/usbd_hid.o
LOAD obj/usbd_impl.o
LOAD obj/usbd_ioreq.o
LOAD /ledgerdev/bolosenv/gcc-arm-none-eabi-5_3-2016q1/bin/../lib/gcc/arm-none-eabi/5.3.1/../../../../arm-none-eabi/lib/armv6-m/libm.a
LOAD /ledgerdev/bolosenv/gcc-arm-none-eabi-5_3-2016q1/bin/../lib/gcc/arm-none-eabi/5.3.1/armv6-m/libgcc.a
LOAD /ledgerdev/bolosenv/gcc-arm-none-eabi-5_3-2016q1/bin/../lib/gcc/arm-none-eabi/5.3.1/../../../../arm-none-eabi/lib/armv6-m/libc.a
START GROUP
LOAD /ledgerdev/bolosenv/gcc-arm-none-eabi-5_3-2016q1/bin/../lib/gcc/arm-none-eabi/5.3.1/armv6-m/libgcc.a
LOAD /ledgerdev/bolosenv/gcc-arm-none-eabi-5_3-2016q1/bin/../lib/gcc/arm-none-eabi/5.3.1/../../../../arm-none-eabi/lib/armv6-m/libg.a
LOAD /ledgerdev/bolosenv/gcc-arm-none-eabi-5_3-2016q1/bin/../lib/gcc/arm-none-eabi/5.3.1/../../../../arm-none-eabi/lib/armv6-m/libc.a
END GROUP
                0x00000040                PAGE_SIZE = 0x40
                0x00000300                STACK_SIZE = 0x300
                0x20002800                END_STACK = (ORIGIN (SRAM) + LENGTH (SRAM))

.text           0xc0d00000     0xa7c0
                0xc0d00000                _text = .
                0xc0d00000                _nvram = .
                [!provide]                PROVIDE (_setjmp, setjmp)
 *(.boot*)
 .boot          0xc0d00000       0x88 obj/main.o
                0xc0d00000                main
 *(.text*)
 .text.printString
                0xc0d00088       0x4a obj/hive_parse.o
                0xc0d00088                printString
 *fill*         0xc0d000d2        0x2 00
 .text.parsePublicKeyField
                0xc0d000d4       0x7c obj/hive_parse.o
                0xc0d000d4                parsePublicKeyField
 .text.parseUint16Field
                0xc0d00150       0x94 obj/hive_parse.o
                0xc0d00150                parseUint16Field
 .text.parseUint32Field
                0xc0d001e4       0x90 obj/hive_parse.o
                0xc0d001e4                parseUint32Field
 .text.parseInt64Field
                0xc0d00274       0x8c obj/hive_parse.o
                0xc0d00274                parseInt64Field
 .text.parseAssetField
                0xc0d00300       0x88 obj/hive_parse.o
                0xc0d00300                parseAssetField
 .text.parseStringField
                0xc0d00388       0xbc obj/hive_parse.o
                0xc0d00388                parseStringField
 .text.parseHiveVote
                0xc0d00444       0xa0 obj/hive_parse_operations.o
                0xc0d00444                parseHiveVote
 .text.parseHiveComment
                0xc0d004e4      0x128 obj/hive_parse_operations.o
                0xc0d004e4                parseHiveComment
 .text.parseHiveTransfer
                0xc0d0060c       0xa0 obj/hive_parse_operations.o
                0xc0d0060c                parseHiveTransfer
 .text.parseHiveTransferToVesting
                0xc0d006ac       0x74 obj/hive_parse_operations.o
                0xc0d006ac                parseHiveTransferToVesting
 .text.parseHiveWithdrawVesting
                0xc0d00720       0x50 obj/hive_parse_operations.o
                0xc0d00720                parseHiveWithdrawVesting
 .text.parseHiveLimitOrderCreate
                0xc0d00770      0x11c obj/hive_parse_operations.o
                0xc0d00770                parseHiveLimitOrderCreate
 .text.parseHiveLimitOrderCancel
                0xc0d0088c       0x54 obj/hive_parse_operations.o
                0xc0d0088c                parseHiveLimitOrderCancel
 .text.parseHiveFeedPublish
                0xc0d008e0       0x84 obj/hive_parse_operations.o
                0xc0d008e0                parseHiveFeedPublish
 .text.parseHiveConvert
                0xc0d00964       0x78 obj/hive_parse_operations.o
                0xc0d00964                parseHiveConvert
 .text.parseHiveAccountCreate
                0xc0d009dc      0x698 obj/hive_parse_operations.o
                0xc0d009dc                parseHiveAccountCreate
 .text.parseHiveAccountUpdate
                0xc0d01074      0x64c obj/hive_parse_operations.o
                0xc0d01074                parseHiveAccountUpdate
 .text.parseHiveWitnessUpdate
                0xc0d016c0      0x1c8 obj/hive_parse_operations.o
                0xc0d016c0                parseHiveWitnessUpdate
 .text.parseHiveAccountWitnessVote
                0xc0d01888       0x84 obj/hive_parse_operations.o
                0xc0d01888                parseHiveAccountWitnessVote
 .text.parseHiveAccountWitnessProxy
                0xc0d0190c       0x54 obj/hive_parse_operations.o
                0xc0d0190c                parseHiveAccountWitnessProxy
 .text.parseHiveDeleteComment
                0xc0d01960       0x54 obj/hive_parse_operations.o
                0xc0d01960                parseHiveDeleteComment
 .text.parseHiveCustomJson
                0xc0d019b4      0x1cc obj/hive_parse_operations.o
                0xc0d019b4                parseHiveCustomJson
 .text.parseHiveCommentOptions
                0xc0d01b80      0x298 obj/hive_parse_operations.o
                0xc0d01b80                parseHiveCommentOptions
 .text.parseHiveSetWithdrawVestingRoute
                0xc0d01e18       0xc0 obj/hive_parse_operations.o
                0xc0d01e18                parseHiveSetWithdrawVestingRoute
 .text.parseHiveClaimAccount
                0xc0d01ed8       0x50 obj/hive_parse_operations.o
                0xc0d01ed8                parseHiveClaimAccount
 .text.parseHiveCreateClaimedAccount
                0xc0d01f28      0x670 obj/hive_parse_operations.o
                0xc0d01f28                parseHiveCreateClaimedAccount
 .text.parseHiveRequestAccountRecovery
                0xc0d02598      0x254 obj/hive_parse_operations.o
                0xc0d02598                parseHiveRequestAccountRecovery
 .text.parseHiveRecoverAccount
                0xc0d027ec      0x404 obj/hive_parse_operations.o
                0xc0d027ec                parseHiveRecoverAccount
 .text.parseHiveChangeRecoveryAccount
                0xc0d02bf0       0x64 obj/hive_parse_operations.o
                0xc0d02bf0                parseHiveChangeRecoveryAccount
 .text.parseHiveTransferToSavings
                0xc0d02c54       0x9c obj/hive_parse_operations.o
                0xc0d02c54                parseHiveTransferToSavings
 .text.parseHiveTransferFromSavings
                0xc0d02cf0       0xc4 obj/hive_parse_operations.o
                0xc0d02cf0                parseHiveTransferFromSavings
 .text.parseHiveCancelTransferFromSavings
                0xc0d02db4       0x54 obj/hive_parse_operations.o
                0xc0d02db4                parseHiveCancelTransferFromSavings
 .text.parseHiveDeclineVotingRights
                0xc0d02e08       0x5c obj/hive_parse_operations.o
                0xc0d02e08                parseHiveDeclineVotingRights
 .text.parseHiveResetAccount
                0xc0d02e64      0x25c obj/hive_parse_operations.o
                0xc0d02e64                parseHiveResetAccount
 .text.parseHiveSetResetAccount
                0xc0d030c0       0x94 obj/hive_parse_operations.o
                0xc0d030c0                parseHiveSetResetAccount
 .text.parseHiveClaimRewardBalance
                0xc0d03154       0xb4 obj/hive_parse_operations.o
                0xc0d03154                parseHiveClaimRewardBalance
 .text.parseHiveDelegateVestingShares
                0xc0d03208       0x84 obj/hive_parse_operations.o
                0xc0d03208                parseHiveDelegateVestingShares
 .text.parseHiveCreateProposal
                0xc0d0328c      0x12c obj/hive_parse_operations.o
                0xc0d0328c                parseHiveCreateProposal
 .text.parseHiveUpdateProposalVotes
                0xc0d033b8      0x130 obj/hive_parse_operations.o
                0xc0d033b8                parseHiveUpdateProposalVotes
 .text.parseHiveRemoveProposal
                0xc0d034e8      0x108 obj/hive_parse_operations.o
                0xc0d034e8                parseHiveRemoveProposal
 .text.initTxContext
                0xc0d035f0       0x3e obj/hive_stream.o
                0xc0d035f0                initTxContext
 *fill*         0xc0d0362e        0x2 00
 .text.readTxByte
                0xc0d03630       0x3c obj/hive_stream.o
                0xc0d03630                readTxByte
 .text.printArgument
                0xc0d0366c      0x20e obj/hive_stream.o
                0xc0d0366c                printArgument
 *fill*         0xc0d0387a        0x2 00
 .text.parseTx  0xc0d0387c      0x770 obj/hive_stream.o
                0xc0d0387c                parseTx
 .text.append   0xc0d03fec       0x4e obj/hive_types.o
                0xc0d03fec                append
 *fill*         0xc0d0403a        0x2 00
 .text.asset_to_string
                0xc0d0403c       0x98 obj/hive_types.o
                0xc0d0403c                asset_to_string
 .text.unpack_variant32
                0xc0d040d4       0x38 obj/hive_types.o
                0xc0d040d4                unpack_variant32
 .text.public_key_to_wif
                0xc0d0410c       0x4c obj/hive_types.o
                0xc0d0410c                public_key_to_wif
 .text.compressed_public_key_to_wif
                0xc0d04158       0x9a obj/hive_types.o
                0xc0d04158                compressed_public_key_to_wif
 *fill*         0xc0d041f2        0x2 00
 .text.b58enc   0xc0d041f4      0x13c obj/hive_utils.o
                0xc0d041f4                b58enc
 .text.i64toa   0xc0d04330       0xb0 obj/hive_utils.o
                0xc0d04330                i64toa
 .text.tlvTryDecode
                0xc0d043e0       0x5c obj/hive_utils.o
                0xc0d043e0                tlvTryDecode
 .text.check_canonical
                0xc0d0443c       0x30 obj/hive_utils.o
                0xc0d0443c                check_canonical
 .text.ecdsa_der_to_sig
                0xc0d0446c       0xae obj/hive_utils.o
                0xc0d0446c                ecdsa_der_to_sig
 .text.rng_rfc6979
                0xc0d0451a      0x1cc obj/hive_utils.o
                0xc0d0451a                rng_rfc6979
 *fill*         0xc0d046e6        0x2 00
 .text.menu_settings_data_change
                0xc0d046e8       0x30 obj/main.o
                0xc0d046e8                menu_settings_data_change
 .text.menu_settings_data_init
                0xc0d04718       0x28 obj/main.o
                0xc0d04718                menu_settings_data_init
 .text.ui_address_prepro
                0xc0d04740       0x5c obj/main.o
                0xc0d04740                ui_address_prepro
 .text.ui_single_action_tx_approval_prepro
                0xc0d0479c       0x90 obj/main.o
                0xc0d0479c                ui_single_action_tx_approval_prepro
 .text.ui_multiple_action_tx_approval_prepro
                0xc0d0482c       0x34 obj/main.o
                0xc0d0482c                ui_multiple_action_tx_approval_prepro
 .text.ui_idle  0xc0d04860       0x14 obj/main.o
                0xc0d04860                ui_idle
 .text.io_seproxyhal_touch_address_ok
                0xc0d04874       0x34 obj/main.o
                0xc0d04874                io_seproxyhal_touch_address_ok
 .text.get_public_key_and_set_result
                0xc0d048a8       0x60 obj/main.o
                0xc0d048a8                get_public_key_and_set_result
 .text.ui_address_nanos_button
                0xc0d04908       0x48 obj/main.o
                0xc0d04908                ui_address_nanos_button
 .text.io_seproxyhal_touch_tx_ok
                0xc0d04950       0x34 obj/main.o
                0xc0d04950                io_seproxyhal_touch_tx_ok
 .text.sign_hash_and_set_result
                0xc0d04984      0x128 obj/main.o
                0xc0d04984                sign_hash_and_set_result
 .text.ui_single_action_tx_approval_nanos_button
                0xc0d04aac      0x1a8 obj/main.o
                0xc0d04aac                ui_single_action_tx_approval_nanos_button
 .text.io_seproxyhal_display
                0xc0d04c54        0x8 obj/main.o
                0xc0d04c54                io_seproxyhal_display
 .text.ui_multiple_action_tx_approval_nanos_button
                0xc0d04c5c      0x10c obj/main.o
                0xc0d04c5c                ui_multiple_action_tx_approval_nanos_button
 .text.io_exchange_al
                0xc0d04d68       0x44 obj/main.o
                0xc0d04d68                io_exchange_al
 .text.handleGetPublicKey
                0xc0d04dac      0x1b0 obj/main.o
                0xc0d04dac                handleGetPublicKey
 .text.handleGetAppConfiguration
                0xc0d04f5c       0x38 obj/main.o
                0xc0d04f5c                handleGetAppConfiguration
 .text.handleSign
                0xc0d04f94      0x300 obj/main.o
                0xc0d04f94                handleSign
 .text.handleApdu
                0xc0d05294       0xf4 obj/main.o
                0xc0d05294                handleApdu
 .text.sample_main
                0xc0d05388       0xd4 obj/main.o
                0xc0d05388                sample_main
 .text.io_event
                0xc0d0545c      0x5a8 obj/main.o
                0xc0d0545c                io_event
 .text.app_exit
                0xc0d05a04       0x48 obj/main.o
                0xc0d05a04                app_exit
 .text.os_boot  0xc0d05a4c        0x6 obj/os.o
                0xc0d05a4c                os_boot
 .text.try_context_set
                0xc0d05a52        0x4 obj/os.o
                0xc0d05a52                try_context_set
 *fill*         0xc0d05a56        0x2 00
 .text.io_usb_hid_receive
                0xc0d05a58      0x150 obj/os.o
                0xc0d05a58                io_usb_hid_receive
 .text.os_memset
                0xc0d05ba8       0x12 obj/os.o
                0xc0d05ba8                os_memset
 .text.os_memmove
                0xc0d05bba       0x36 obj/os.o
                0xc0d05bba                os_memmove
 .text.io_usb_hid_init
                0xc0d05bf0        0xc obj/os.o
                0xc0d05bf0                io_usb_hid_init
 .text.io_usb_hid_sent
                0xc0d05bfc       0xc4 obj/os.o
                0xc0d05bfc                io_usb_hid_sent
 .text.io_usb_hid_send
                0xc0d05cc0       0x34 obj/os.o
                0xc0d05cc0                io_usb_hid_send
 .text.os_memcmp
                0xc0d05cf4       0x2e obj/os.o
                0xc0d05cf4                os_memcmp
 .text.os_longjmp
                0xc0d05d22        0xa obj/os.o
                0xc0d05d22                os_longjmp
 .text.try_context_get
                0xc0d05d2c        0x4 obj/os.o
                0xc0d05d2c                try_context_get
 .text.try_context_get_previous
                0xc0d05d30        0xc obj/os.o
                0xc0d05d30                try_context_get_previous
 .text.io_seproxyhal_general_status
                0xc0d05d3c       0x28 obj/os_io_seproxyhal.o
                0xc0d05d3c                io_seproxyhal_general_status
 .text.io_seproxyhal_handle_usb_event
                0xc0d05d64       0x7c obj/os_io_seproxyhal.o
                0xc0d05d64                io_seproxyhal_handle_usb_event
 .text.io_seproxyhal_get_ep_rx_size
                0xc0d05de0       0x10 obj/os_io_seproxyhal.o
                0xc0d05de0                io_seproxyhal_get_ep_rx_size
 .text.io_seproxyhal_handle_usb_ep_xfer_event
                0xc0d05df0       0x68 obj/os_io_seproxyhal.o
                0xc0d05df0                io_seproxyhal_handle_usb_ep_xfer_event
 .text.io_usb_send_ep
                0xc0d05e58       0x4c obj/os_io_seproxyhal.o
                0xc0d05e58                io_usb_send_ep
 .text.io_usb_send_apdu_data
                0xc0d05ea4       0x10 obj/os_io_seproxyhal.o
                0xc0d05ea4                io_usb_send_apdu_data
 .text.io_usb_send_apdu_data_ep0x83
                0xc0d05eb4       0x10 obj/os_io_seproxyhal.o
                0xc0d05eb4                io_usb_send_apdu_data_ep0x83
 .text.io_seproxyhal_handle_capdu_event
                0xc0d05ec4       0x4c obj/os_io_seproxyhal.o
                0xc0d05ec4                io_seproxyhal_handle_capdu_event
 .text.io_seproxyhal_handle_event
                0xc0d05f10       0x8c obj/os_io_seproxyhal.o
                0xc0d05f10                io_seproxyhal_handle_event
 .text.io_seproxyhal_init
                0xc0d05f9c       0x50 obj/os_io_seproxyhal.o
                0xc0d05f9c                io_seproxyhal_init
 .text.io_seproxyhal_init_ux
                0xc0d05fec        0xc obj/os_io_seproxyhal.o
                0xc0d05fec                io_seproxyhal_init_ux
 .text.io_seproxyhal_init_button
                0xc0d05ff8       0x14 obj/os_io_seproxyhal.o
                0xc0d05ff8                io_seproxyhal_init_button
 .text.io_seproxyhal_touch_out
                0xc0d0600c       0x46 obj/os_io_seproxyhal.o
                0xc0d0600c                io_seproxyhal_touch_out
 .text.io_seproxyhal_touch_over
                0xc0d06052       0x60 obj/os_io_seproxyhal.o
                0xc0d06052                io_seproxyhal_touch_over
 .text.io_seproxyhal_touch_tap
                0xc0d060b2       0x46 obj/os_io_seproxyhal.o
                0xc0d060b2                io_seproxyhal_touch_tap
 .text.io_seproxyhal_touch_element_callback
                0xc0d060f8      0x110 obj/os_io_seproxyhal.o
                0xc0d060f8                io_seproxyhal_touch_element_callback
 .text.io_seproxyhal_display_icon
                0xc0d06208       0x8c obj/os_io_seproxyhal.o
                0xc0d06208                io_seproxyhal_display_icon
 .text.io_seproxyhal_display_default
                0xc0d06294       0x84 obj/os_io_seproxyhal.o
                0xc0d06294                io_seproxyhal_display_default
 .text.bagl_label_roundtrip_duration_ms
                0xc0d06318        0xc obj/os_io_seproxyhal.o
                0xc0d06318                bagl_label_roundtrip_duration_ms
 .text.bagl_label_roundtrip_duration_ms_buf
                0xc0d06324       0x4a obj/os_io_seproxyhal.o
                0xc0d06324                bagl_label_roundtrip_duration_ms_buf
 *fill*         0xc0d0636e        0x2 00
 .text.io_seproxyhal_se_reset
                0xc0d06370       0x1c obj/os_io_seproxyhal.o
                0xc0d06370                io_seproxyhal_se_reset
 .text.io_seproxyhal_button_push
                0xc0d0638c       0x74 obj/os_io_seproxyhal.o
                0xc0d0638c                io_seproxyhal_button_push
 .text.io_exchange
                0xc0d06400      0x1f8 obj/os_io_seproxyhal.o
                0xc0d06400                io_exchange
 .text.screen_printc
                0xc0d065f8       0x2a obj/os_io_seproxyhal.o
                0xc0d065f8                screen_printc
 *fill*         0xc0d06622        0x2 00
 .text.ux_menu_element_preprocessor
                0xc0d06624      0x188 obj/os_io_seproxyhal.o
                0xc0d06624                ux_menu_element_preprocessor
 .text.ux_menu_elements_button
                0xc0d067ac      0x128 obj/os_io_seproxyhal.o
                0xc0d067ac                ux_menu_elements_button
 .text.ux_menu_display
                0xc0d068d4      0x11c obj/os_io_seproxyhal.o
                0xc0d068d4                ux_menu_display
 .text.ux_check_status_default
                0xc0d069f0        0x2 obj/os_io_seproxyhal.o
                0xc0d069f0                ux_check_status
                0xc0d069f0                ux_check_status_default
 *fill*         0xc0d069f2        0x2 00
 .text.screen_printf
                0xc0d069f4      0x34c obj/os_printf.o
                0xc0d069f4                screen_printf
 .text.snprintf
                0xc0d06d40      0x420 obj/os_printf.o
                0xc0d06d40                snprintf
 .text.pic      0xc0d07160       0x1c obj/pic.o
                0xc0d07160                pic
 .text.pic_internal
                0xc0d0717c       0x10 obj/pic_internal.o
                0xc0d0717c                pic_internal
 .text.SVC_Call
                0xc0d0718c        0x4 obj/syscalls.o
                0xc0d0718c                SVC_Call
 .text.check_api_level
                0xc0d07190       0x2c obj/syscalls.o
                0xc0d07190                check_api_level
 .text.reset    0xc0d071bc       0x28 obj/syscalls.o
                0xc0d071bc                reset
 .text.nvm_write
                0xc0d071e4       0x2c obj/syscalls.o
                0xc0d071e4                nvm_write
 .text.cx_rng   0xc0d07210       0x30 obj/syscalls.o
                0xc0d07210                cx_rng
 .text.cx_hash  0xc0d07240       0x38 obj/syscalls.o
                0xc0d07240                cx_hash
 .text.cx_ripemd160_init
                0xc0d07278       0x2c obj/syscalls.o
                0xc0d07278                cx_ripemd160_init
 .text.cx_sha256_init
                0xc0d072a4       0x2c obj/syscalls.o
                0xc0d072a4                cx_sha256_init
 .text.cx_hmac_sha256_init
                0xc0d072d0       0x30 obj/syscalls.o
                0xc0d072d0                cx_hmac_sha256_init
 .text.cx_hmac  0xc0d07300       0x38 obj/syscalls.o
                0xc0d07300                cx_hmac
 .text.cx_ecfp_init_private_key
                0xc0d07338       0x30 obj/syscalls.o
                0xc0d07338                cx_ecfp_init_private_key
 .text.cx_ecfp_generate_pair
                0xc0d07368       0x30 obj/syscalls.o
                0xc0d07368                cx_ecfp_generate_pair
 .text.cx_ecdsa_sign
                0xc0d07398       0x40 obj/syscalls.o
                0xc0d07398                cx_ecdsa_sign
 .text.cx_crc16_update
                0xc0d073d8       0x30 obj/syscalls.o
                0xc0d073d8                cx_crc16_update
 .text.os_perso_derive_node_bip32
                0xc0d07408       0x30 obj/syscalls.o
                0xc0d07408                os_perso_derive_node_bip32
 .text.os_sched_exit
                0xc0d07438       0x2c obj/syscalls.o
                0xc0d07438                os_sched_exit
 .text.os_ux    0xc0d07464       0x2c obj/syscalls.o
                0xc0d07464                os_ux
 .text.io_seproxyhal_spi_send
                0xc0d07490       0x2c obj/syscalls.o
                0xc0d07490                io_seproxyhal_spi_send
 .text.io_seproxyhal_spi_is_status_sent
                0xc0d074bc       0x2c obj/syscalls.o
                0xc0d074bc                io_seproxyhal_spi_is_status_sent
 .text.io_seproxyhal_spi_recv
                0xc0d074e8       0x30 obj/syscalls.o
                0xc0d074e8                io_seproxyhal_spi_recv
 .text.u2f_apdu_sign
                0xc0d07518      0x10c obj/u2f_impl.o
                0xc0d07518                u2f_apdu_sign
 .text.u2f_handle_cmd_init
                0xc0d07624       0x8c obj/u2f_impl.o
                0xc0d07624                u2f_handle_cmd_init
 .text.u2f_handle_cmd_msg
                0xc0d076b0       0xbc obj/u2f_impl.o
                0xc0d076b0                u2f_handle_cmd_msg
 .text.u2f_message_complete
                0xc0d0776c       0x3a obj/u2f_impl.o
                0xc0d0776c                u2f_message_complete
 *fill*         0xc0d077a6        0x2 00
 .text.u2f_io_send
                0xc0d077a8       0x6c obj/u2f_io.o
                0xc0d077a8                u2f_io_send
 .text.u2f_transport_init
                0xc0d07814       0x1a obj/u2f_transport.o
                0xc0d07814                u2f_transport_init
 *fill*         0xc0d0782e        0x2 00
 .text.u2f_transport_sent
                0xc0d07830       0xf8 obj/u2f_transport.o
                0xc0d07830                u2f_transport_sent
 .text.u2f_transport_send_usb_user_presence_required
                0xc0d07928       0x3c obj/u2f_transport.o
                0xc0d07928                u2f_transport_send_usb_user_presence_required
 .text.u2f_transport_send_wink
                0xc0d07964       0x30 obj/u2f_transport.o
                0xc0d07964                u2f_transport_send_wink
 .text.u2f_transport_receive_fakeChannel
                0xc0d07994      0x11c obj/u2f_transport.o
                0xc0d07994                u2f_transport_receive_fakeChannel
 .text.u2f_transport_received
                0xc0d07ab0      0x3cc obj/u2f_transport.o
                0xc0d07ab0                u2f_transport_received
 .text.u2f_is_channel_broadcast
                0xc0d07e7c       0x20 obj/u2f_transport.o
                0xc0d07e7c                u2f_is_channel_broadcast
 .text.u2f_message_set_autoreply_wait_user_presence
                0xc0d07e9c       0x26 obj/u2f_transport.o
                0xc0d07e9c                u2f_message_set_autoreply_wait_user_presence
 .text.u2f_message_repliable
                0xc0d07ec2       0x30 obj/u2f_transport.o
                0xc0d07ec2                u2f_message_repliable
 .text.u2f_message_reply
                0xc0d07ef2       0x3c obj/u2f_transport.o
                0xc0d07ef2                u2f_message_reply
 *fill*         0xc0d07f2e        0x2 00
 .text.USBD_LL_Init
                0xc0d07f30       0x14 obj/usbd_conf.o
                0xc0d07f30                USBD_LL_Init
 .text.USBD_LL_DeInit
                0xc0d07f44       0x24 obj/usbd_conf.o
                0xc0d07f44                USBD_LL_DeInit
 .text.USBD_LL_Start
                0xc0d07f68       0x38 obj/usbd_conf.o
                0xc0d07f68                USBD_LL_Start
 .text.USBD_LL_Stop
                0xc0d07fa0       0x22 obj/usbd_conf.o
                0xc0d07fa0                USBD_LL_Stop
 *fill*         0xc0d07fc2        0x2 00
 .text.USBD_LL_OpenEP
                0xc0d07fc4       0x4c obj/usbd_conf.o
                0xc0d07fc4                USBD_LL_OpenEP
 .text.USBD_LL_CloseEP
                0xc0d08010       0x2c obj/usbd_conf.o
                0xc0d08010                USBD_LL_CloseEP
 .text.USBD_LL_StallEP
                0xc0d0803c       0x4c obj/usbd_conf.o
                0xc0d0803c                USBD_LL_StallEP
 .text.USBD_LL_ClearStallEP
                0xc0d08088       0x48 obj/usbd_conf.o
                0xc0d08088                USBD_LL_ClearStallEP
 .text.USBD_LL_IsStallEP
                0xc0d080d0       0x24 obj/usbd_conf.o
                0xc0d080d0                USBD_LL_IsStallEP
 .text.USBD_LL_SetUSBAddress
                0xc0d080f4       0x24 obj/usbd_conf.o
                0xc0d080f4                USBD_LL_SetUSBAddress
 .text.USBD_LL_Transmit
                0xc0d08118       0x32 obj/usbd_conf.o
                0xc0d08118                USBD_LL_Transmit
 .text.USBD_LL_PrepareReceive
                0xc0d0814a       0x26 obj/usbd_conf.o
                0xc0d0814a                USBD_LL_PrepareReceive
 .text.USBD_Init
                0xc0d08170       0x34 obj/usbd_core.o
                0xc0d08170                USBD_Init
 .text.USBD_DeInit
                0xc0d081a4       0x3c obj/usbd_core.o
                0xc0d081a4                USBD_DeInit
 .text.USBD_RegisterClassForInterface
                0xc0d081e0       0x18 obj/usbd_core.o
                0xc0d081e0                USBD_RegisterClassForInterface
 .text.USBD_Start
                0xc0d081f8        0xa obj/usbd_core.o
                0xc0d081f8                USBD_Start
 .text.USBD_SetClassConfig
                0xc0d08202       0x34 obj/usbd_core.o
                0xc0d08202                USBD_SetClassConfig
 .text.USBD_ClrClassConfig
                0xc0d08236       0x34 obj/usbd_core.o
                0xc0d08236                USBD_ClrClassConfig
 .text.USBD_LL_SetupStage
                0xc0d0826a       0x5c obj/usbd_core.o
                0xc0d0826a                USBD_LL_SetupStage
 .text.USBD_LL_DataOutStage
                0xc0d082c6       0xb4 obj/usbd_core.o
                0xc0d082c6                USBD_LL_DataOutStage
 .text.USBD_LL_DataInStage
                0xc0d0837a       0xec obj/usbd_core.o
                0xc0d0837a                USBD_LL_DataInStage
 .text.USBD_LL_Reset
                0xc0d08466       0x40 obj/usbd_core.o
                0xc0d08466                USBD_LL_Reset
 .text.USBD_LL_SetSpeed
                0xc0d084a6        0x6 obj/usbd_core.o
                0xc0d084a6                USBD_LL_SetSpeed
 .text.USBD_LL_Suspend
                0xc0d084ac        0x4 obj/usbd_core.o
                0xc0d084ac                USBD_LL_Suspend
 .text.USBD_LL_Resume
                0xc0d084b0        0x4 obj/usbd_core.o
                0xc0d084b0                USBD_LL_Resume
 .text.USBD_LL_SOF
                0xc0d084b4       0x3c obj/usbd_core.o
                0xc0d084b4                USBD_LL_SOF
 .text.usbd_is_valid_intf
                0xc0d084f0       0x1a obj/usbd_ctlreq.o
                0xc0d084f0                usbd_is_valid_intf
 .text.USBD_StdDevReq
                0xc0d0850a       0x5a obj/usbd_ctlreq.o
                0xc0d0850a                USBD_StdDevReq
 .text.USBD_GetDescriptor
                0xc0d08564      0x104 obj/usbd_ctlreq.o
                0xc0d08564                USBD_GetDescriptor
 .text.USBD_SetAddress
                0xc0d08668       0x4a obj/usbd_ctlreq.o
                0xc0d08668                USBD_SetAddress
 .text.USBD_SetConfig
                0xc0d086b2       0x6e obj/usbd_ctlreq.o
                0xc0d086b2                USBD_SetConfig
 .text.USBD_GetConfig
                0xc0d08720       0x2e obj/usbd_ctlreq.o
                0xc0d08720                USBD_GetConfig
 .text.USBD_GetStatus
                0xc0d0874e       0x44 obj/usbd_ctlreq.o
                0xc0d0874e                USBD_GetStatus
 .text.USBD_SetFeature
                0xc0d08792       0x3a obj/usbd_ctlreq.o
                0xc0d08792                USBD_SetFeature
 .text.USBD_ClrFeature
                0xc0d087cc       0x50 obj/usbd_ctlreq.o
                0xc0d087cc                USBD_ClrFeature
 .text.USBD_StdItfReq
                0xc0d0881c       0x48 obj/usbd_ctlreq.o
                0xc0d0881c                USBD_StdItfReq
 .text.USBD_StdEPReq
                0xc0d08864      0x112 obj/usbd_ctlreq.o
                0xc0d08864                USBD_StdEPReq
 .text.USBD_ParseSetupRequest
                0xc0d08976       0x28 obj/usbd_ctlreq.o
                0xc0d08976                USBD_ParseSetupRequest
 .text.USBD_CtlStall
                0xc0d0899e       0x14 obj/usbd_ctlreq.o
                0xc0d0899e                USBD_CtlStall
 .text.USBD_HID_Setup
                0xc0d089b2       0x98 obj/usbd_hid.o
                0xc0d089b2                USBD_HID_Setup
 .text.USBD_HID_Init
                0xc0d08a4a       0x32 obj/usbd_hid.o
                0xc0d08a4a                USBD_HID_Init
 .text.USBD_HID_DeInit
                0xc0d08a7c       0x16 obj/usbd_hid.o
                0xc0d08a7c                USBD_HID_DeInit
 *fill*         0xc0d08a92        0x2 00
 .text.USBD_HID_GetHidDescriptor_impl
                0xc0d08a94       0x34 obj/usbd_impl.o
                0xc0d08a94                USBD_HID_GetHidDescriptor_impl
 .text.USBD_HID_GetReportDescriptor_impl
                0xc0d08ac8       0x64 obj/usbd_impl.o
                0xc0d08ac8                USBD_HID_GetReportDescriptor_impl
 .text.USBD_U2F_Init
                0xc0d08b2c       0x32 obj/usbd_impl.o
                0xc0d08b2c                USBD_U2F_Init
 *fill*         0xc0d08b5e        0x2 00
 .text.USBD_U2F_DataIn_impl
                0xc0d08b60       0x18 obj/usbd_impl.o
                0xc0d08b60                USBD_U2F_DataIn_impl
 .text.USBD_U2F_DataOut_impl
                0xc0d08b78       0x2c obj/usbd_impl.o
                0xc0d08b78                USBD_U2F_DataOut_impl
 .text.USBD_HID_DataIn_impl
                0xc0d08ba4       0x18 obj/usbd_impl.o
                0xc0d08ba4                USBD_HID_DataIn_impl
 .text.USBD_HID_DataOut_impl
                0xc0d08bbc       0x58 obj/usbd_impl.o
                0xc0d08bbc                USBD_HID_DataOut_impl
 .text.USBD_WEBUSB_Init
                0xc0d08c14       0x2c obj/usbd_impl.o
                0xc0d08c14                USBD_WEBUSB_Init
 .text.USBD_WEBUSB_DeInit
                0xc0d08c40        0x4 obj/usbd_impl.o
                0xc0d08c40                USBD_WEBUSB_DeInit
 .text.USBD_WEBUSB_Setup
                0xc0d08c44        0x4 obj/usbd_impl.o
                0xc0d08c44                USBD_WEBUSB_Setup
 .text.USBD_WEBUSB_DataIn
                0xc0d08c48       0x18 obj/usbd_impl.o
                0xc0d08c48                USBD_WEBUSB_DataIn
 .text.USBD_WEBUSB_DataOut
                0xc0d08c60       0x58 obj/usbd_impl.o
                0xc0d08c60                USBD_WEBUSB_DataOut
 .text.USBD_DeviceDescriptor
                0xc0d08cb8       0x10 obj/usbd_impl.o
 .text.USBD_LangIDStrDescriptor
                0xc0d08cc8       0x10 obj/usbd_impl.o
 .text.USBD_ManufacturerStrDescriptor
                0xc0d08cd8       0x10 obj/usbd_impl.o
 .text.USBD_ProductStrDescriptor
                0xc0d08ce8       0x10 obj/usbd_impl.o
 .text.USBD_SerialStrDescriptor
                0xc0d08cf8       0x10 obj/usbd_impl.o
 .text.USBD_ConfigStrDescriptor
                0xc0d08d08       0x10 obj/usbd_impl.o
 .text.USBD_InterfaceStrDescriptor
                0xc0d08d18       0x10 obj/usbd_impl.o
 .text.USBD_CtlError
                0xc0d08d28       0x4c obj/usbd_impl.o
                0xc0d08d28                USBD_CtlError
 .text.USB_power
                0xc0d08d74       0x98 obj/usbd_impl.o
                0xc0d08d74                USB_power
 .text.USBD_GetCfgDesc_impl
                0xc0d08e0c       0x10 obj/usbd_impl.o
 .text.USBD_GetDeviceQualifierDesc_impl
                0xc0d08e1c       0x10 obj/usbd_impl.o
 .text.USBD_CtlSendData
                0xc0d08e2c       0x2c obj/usbd_ioreq.o
                0xc0d08e2c                USBD_CtlSendData
 .text.USBD_CtlContinueSendData
                0xc0d08e58       0x1c obj/usbd_ioreq.o
                0xc0d08e58                USBD_CtlContinueSendData
 .text.USBD_CtlContinueRx
                0xc0d08e74        0xe obj/usbd_ioreq.o
                0xc0d08e74                USBD_CtlContinueRx
 .text.USBD_CtlSendStatus
                0xc0d08e82       0x18 obj/usbd_ioreq.o
                0xc0d08e82                USBD_CtlSendStatus
 .text.USBD_CtlReceiveStatus
                0xc0d08e9a       0x16 obj/usbd_ioreq.o
                0xc0d08e9a                USBD_CtlReceiveStatus
 .text          0xc0d08eb0      0x114 /ledgerdev/bolosenv/gcc-arm-none-eabi-5_3-2016q1/bin/../lib/gcc/arm-none-eabi/5.3.1/armv6-m/libgcc.a(_udivsi3.o)
                0xc0d08eb0                __udivsi3
                0xc0d08eb0                __aeabi_uidiv
                0xc0d08fbc                __aeabi_uidivmod
 .text          0xc0d08fc4      0x1d4 /ledgerdev/bolosenv/gcc-arm-none-eabi-5_3-2016q1/bin/../lib/gcc/arm-none-eabi/5.3.1/armv6-m/libgcc.a(_divsi3.o)
                0xc0d08fc4                __aeabi_idiv
                0xc0d08fc4                __divsi3
                0xc0d09190                __aeabi_idivmod
 .text          0xc0d09198        0x4 /ledgerdev/bolosenv/gcc-arm-none-eabi-5_3-2016q1/bin/../lib/gcc/arm-none-eabi/5.3.1/armv6-m/libgcc.a(_dvmd_tls.o)
                0xc0d09198                __aeabi_ldiv0
                0xc0d09198                __aeabi_idiv0
 .text          0xc0d0919c       0x48 /ledgerdev/bolosenv/gcc-arm-none-eabi-5_3-2016q1/bin/../lib/gcc/arm-none-eabi/5.3.1/armv6-m/libgcc.a(_aeabi_ldivmod.o)
                0xc0d0919c                __aeabi_ldivmod
 .text          0xc0d091e4       0x38 /ledgerdev/bolosenv/gcc-arm-none-eabi-5_3-2016q1/bin/../lib/gcc/arm-none-eabi/5.3.1/armv6-m/libgcc.a(bpabi.o)
                0xc0d091e4                __gnu_ldivmod_helper
 .text          0xc0d0921c       0x18 /ledgerdev/bolosenv/gcc-arm-none-eabi-5_3-2016q1/bin/../lib/gcc/arm-none-eabi/5.3.1/armv6-m/libgcc.a(_clzdi2.o)
                0xc0d0921c                __clzdi2
 .text          0xc0d09234       0x58 /ledgerdev/bolosenv/gcc-arm-none-eabi-5_3-2016q1/bin/../lib/gcc/arm-none-eabi/5.3.1/armv6-m/libgcc.a(_muldi3.o)
                0xc0d09234                __aeabi_lmul
                0xc0d09234                __muldi3
 .text          0xc0d0928c      0x1bc /ledgerdev/bolosenv/gcc-arm-none-eabi-5_3-2016q1/bin/../lib/gcc/arm-none-eabi/5.3.1/armv6-m/libgcc.a(_divdi3.o)
                0xc0d0928c                __divdi3
 .text          0xc0d09448       0x3c /ledgerdev/bolosenv/gcc-arm-none-eabi-5_3-2016q1/bin/../lib/gcc/arm-none-eabi/5.3.1/armv6-m/libgcc.a(_clzsi2.o)
                0xc0d09448                __clzsi2
 .text.__aeabi_memclr
                0xc0d09484        0xc /ledgerdev/bolosenv/gcc-arm-none-eabi-5_3-2016q1/bin/../lib/gcc/arm-none-eabi/5.3.1/../../../../arm-none-eabi/lib/armv6-m/libc.a(lib_a-aeabi_memclr.o)
                0xc0d09484                __aeabi_memclr8
                0xc0d09484                __aeabi_memclr
                0xc0d09484                __aeabi_memclr4
 .text.__aeabi_memcpy
                0xc0d09490        0x8 /ledgerdev/bolosenv/gcc-arm-none-eabi-5_3-2016q1/bin/../lib/gcc/arm-none-eabi/5.3.1/../../../../arm-none-eabi/lib/armv6-m/libc.a(lib_a-aeabi_memcpy.o)
                0xc0d09490                __aeabi_memcpy
                0xc0d09490                __aeabi_memcpy4
                0xc0d09490                __aeabi_memcpy8
 .text.__aeabi_memset
                0xc0d09498       0x10 /ledgerdev/bolosenv/gcc-arm-none-eabi-5_3-2016q1/bin/../lib/gcc/arm-none-eabi/5.3.1/../../../../arm-none-eabi/lib/armv6-m/libc.a(lib_a-aeabi_memset.o)
                0xc0d09498                __aeabi_memset
                0xc0d09498                __aeabi_memset8
                0xc0d09498                __aeabi_memset4
 .text.memcpy   0xc0d094a8       0x7c /ledgerdev/bolosenv/gcc-arm-none-eabi-5_3-2016q1/bin/../lib/gcc/arm-none-eabi/5.3.1/../../../../arm-none-eabi/lib/armv6-m/libc.a(lib_a-memcpy-stub.o)
                0xc0d094a8                memcpy
 .text.memset   0xc0d09524       0x8c /ledgerdev/bolosenv/gcc-arm-none-eabi-5_3-2016q1/bin/../lib/gcc/arm-none-eabi/5.3.1/../../../../arm-none-eabi/lib/armv6-m/libc.a(lib_a-memset.o)
                0xc0d09524                memset
 .text          0xc0d095b0       0x34 /ledgerdev/bolosenv/gcc-arm-none-eabi-5_3-2016q1/bin/../lib/gcc/arm-none-eabi/5.3.1/../../../../arm-none-eabi/lib/armv6-m/libc.a(lib_a-setjmp.o)
                0xc0d095b0                setjmp
                0xc0d095c8                longjmp
 .text.strcat   0xc0d095e4       0x50 /ledgerdev/bolosenv/gcc-arm-none-eabi-5_3-2016q1/bin/../lib/gcc/arm-none-eabi/5.3.1/../../../../arm-none-eabi/lib/armv6-m/libc.a(lib_a-strcat.o)
                0xc0d095e4                strcat
 .text.strcpy   0xc0d09634       0x10 /ledgerdev/bolosenv/gcc-arm-none-eabi-5_3-2016q1/bin/../lib/gcc/arm-none-eabi/5.3.1/../../../../arm-none-eabi/lib/armv6-m/libc.a(lib_a-strcpy.o)
                0xc0d09634                strcpy
 .text.strlen   0xc0d09644       0x68 /ledgerdev/bolosenv/gcc-arm-none-eabi-5_3-2016q1/bin/../lib/gcc/arm-none-eabi/5.3.1/../../../../arm-none-eabi/lib/armv6-m/libc.a(lib_a-strlen-stub.o)
                0xc0d09644                strlen
 .text.strncpy  0xc0d096ac       0x74 /ledgerdev/bolosenv/gcc-arm-none-eabi-5_3-2016q1/bin/../lib/gcc/arm-none-eabi/5.3.1/../../../../arm-none-eabi/lib/armv6-m/libc.a(lib_a-strncpy.o)
                0xc0d096ac                strncpy
 *(.rodata)
 *(.rodata.[^N]*)
 .rodata.C_icon_back_colors
                0xc0d09720        0x8 obj/glyphs.o
                0xc0d09720                C_icon_back_colors
 .rodata.C_icon_back_bitmap
                0xc0d09728       0x19 obj/glyphs.o
                0xc0d09728                C_icon_back_bitmap
 *fill*         0xc0d09741        0x3 00
 .rodata.C_icon_back
                0xc0d09744       0x14 obj/glyphs.o
                0xc0d09744                C_icon_back
 .rodata.C_icon_dashboard_colors
                0xc0d09758        0x8 obj/glyphs.o
                0xc0d09758                C_icon_dashboard_colors
 .rodata.C_icon_dashboard_bitmap
                0xc0d09760       0x19 obj/glyphs.o
                0xc0d09760                C_icon_dashboard_bitmap
 *fill*         0xc0d09779        0x3 00
 .rodata.C_icon_dashboard
                0xc0d0977c       0x14 obj/glyphs.o
                0xc0d0977c                C_icon_dashboard
 .rodata.C_nanos_badge_hive_colors
                0xc0d09790        0x8 obj/glyphs.o
                0xc0d09790                C_nanos_badge_hive_colors
 .rodata.C_nanos_badge_hive_bitmap
                0xc0d09798       0x20 obj/glyphs.o
                0xc0d09798                C_nanos_badge_hive_bitmap
 .rodata.C_nanos_badge_hive
                0xc0d097b8       0x14 obj/glyphs.o
                0xc0d097b8                C_nanos_badge_hive
 .rodata.str1.1
                0xc0d097cc       0x45 obj/hive_parse.o
 .rodata.str1.1
                0xc0d09811      0x111 obj/hive_parse_operations.o
                                0x11c (size before relaxing)
 .rodata.str1.1
                0xc0d09922       0x52 obj/hive_stream.o
 .rodata.str1.4
                0xc0d09974      0x224 obj/hive_stream.o
 .rodata.BASE58ALPHABET
                0xc0d09b98       0x3a obj/hive_utils.o
                0xc0d09b98                BASE58ALPHABET
 .rodata.digit  0xc0d09bd2        0xb obj/hive_utils.o
                0xc0d09bd2                digit
 .rodata.SECP256K1_N
                0xc0d09bdd       0x20 obj/main.o
                0xc0d09bdd                SECP256K1_N
 .rodata.str1.1
                0xc0d09bfd       0x8b obj/main.o
 .rodata.menu_settings_data
                0xc0d09c88       0x54 obj/main.o
                0xc0d09c88                menu_settings_data
 .rodata.menu_settings
                0xc0d09cdc       0x54 obj/main.o
                0xc0d09cdc                menu_settings
 .rodata.menu_about
                0xc0d09d30       0x54 obj/main.o
                0xc0d09d30                menu_about
 .rodata.menu_main
                0xc0d09d84       0x8c obj/main.o
                0xc0d09d84                menu_main
 .rodata.ui_address_nanos
                0xc0d09e10      0x188 obj/main.o
                0xc0d09e10                ui_address_nanos
 .rodata.ui_single_action_tx_approval_nanos
                0xc0d09f98      0x1f8 obj/main.o
                0xc0d09f98                ui_single_action_tx_approval_nanos
 .rodata.str1.4
                0xc0d0a190        0xc obj/main.o
 .rodata.ui_multiple_action_tx_approval_nanos
                0xc0d0a19c      0x188 obj/main.o
                0xc0d0a19c                ui_multiple_action_tx_approval_nanos
 .rodata.ux_menu_elements
                0xc0d0a324      0x1f8 obj/os_io_seproxyhal.o
                0xc0d0a324                ux_menu_elements
 .rodata.UX_MENU_END_ENTRY
                0xc0d0a51c       0x1c obj/os_io_seproxyhal.o
                0xc0d0a51c                UX_MENU_END_ENTRY
 .rodata.cst16  0xc0d0a538       0x20 obj/os_printf.o
 .rodata.str1.1
                0xc0d0a558        0x6 obj/os_printf.o
 .rodata.SW_INTERNAL
                0xc0d0a55e        0x2 obj/u2f_impl.o
 .rodata.SW_BUSY
                0xc0d0a560        0x2 obj/u2f_impl.o
 .rodata.SW_WRONG_LENGTH
                0xc0d0a562        0x2 obj/u2f_impl.o
 .rodata.SW_PROOF_OF_PRESENCE_REQUIRED
                0xc0d0a564        0x2 obj/u2f_impl.o
 .rodata.SW_BAD_KEY_HANDLE
                0xc0d0a566        0x2 obj/u2f_impl.o
 .rodata.U2F_VERSION
                0xc0d0a568        0x8 obj/u2f_impl.o
 .rodata.INFO   0xc0d0a570        0x4 obj/u2f_impl.o
 .rodata.SW_UNKNOWN_CLASS
                0xc0d0a574        0x2 obj/u2f_impl.o
 .rodata.SW_UNKNOWN_INSTRUCTION
                0xc0d0a576        0x2 obj/u2f_impl.o
 .rodata.BROADCAST_CHANNEL
                0xc0d0a578        0x4 obj/u2f_transport.o
 .rodata.FORBIDDEN_CHANNEL
                0xc0d0a57c        0x4 obj/u2f_transport.o
 .rodata.USBD_HID_Desc_fido
                0xc0d0a580        0x9 obj/usbd_impl.o
                0xc0d0a580                USBD_HID_Desc_fido
 *fill*         0xc0d0a589        0x3 00
 .rodata.USBD_HID_Desc
                0xc0d0a58c        0x9 obj/usbd_impl.o
                0xc0d0a58c                USBD_HID_Desc
 .rodata.HID_ReportDesc_fido
                0xc0d0a595       0x22 obj/usbd_impl.o
 .rodata.HID_ReportDesc
                0xc0d0a5b7       0x22 obj/usbd_impl.o
 *fill*         0xc0d0a5d9        0x3 00
 .rodata.HID_Desc
                0xc0d0a5dc       0x20 obj/usbd_impl.o
                0xc0d0a5dc                HID_Desc
 .rodata.C_webusb_url_descriptor
                0xc0d0a5fc       0x17 obj/usbd_impl.o
                0xc0d0a5fc                C_webusb_url_descriptor
 .rodata.C_usb_bos
                0xc0d0a613       0x1d obj/usbd_impl.o
                0xc0d0a613                C_usb_bos
 .rodata.USBD_HID
                0xc0d0a630       0x38 obj/usbd_impl.o
 .rodata.USBD_U2F
                0xc0d0a668       0x38 obj/usbd_impl.o
 .rodata.USBD_WEBUSB
                0xc0d0a6a0       0x38 obj/usbd_impl.o
 .rodata.USBD_DeviceDesc
                0xc0d0a6d8       0x12 obj/usbd_impl.o
 .rodata.USBD_LangIDDesc
                0xc0d0a6ea        0x4 obj/usbd_impl.o
 .rodata.USBD_MANUFACTURER_STRING
                0xc0d0a6ee        0xe obj/usbd_impl.o
 .rodata.USBD_PRODUCT_FS_STRING
                0xc0d0a6fc        0xe obj/usbd_impl.o
 .rodata.USB_SERIAL_STRING
                0xc0d0a70a        0xa obj/usbd_impl.o
 .rodata.USBD_CfgDesc
                0xc0d0a714       0x60 obj/usbd_impl.o
 .rodata.USBD_DeviceQualifierDesc
                0xc0d0a774        0xa obj/usbd_impl.o
 *(.rodata.N[^_]*)
                0xc0d0a780                . = ALIGN (0x4)
 *fill*         0xc0d0a77e        0x2 00
                0xc0d0a780                _etext = .
                0xc0d0a780                . = ALIGN (PAGE_SIZE)
                0xc0d0a780                _nvram_data = .
 *(.bss.N_* .rodata.N_*)
 .rodata.N_storage_real
                0xc0d0a780        0x2 obj/main.o
                0xc0d0a780                N_storage_real
                0xc0d0a7c0                . = ALIGN (PAGE_SIZE)
 *fill*         0xc0d0a782       0x3e 00
                0xc0d0a7c0                _install_parameters = .
                [!provide]                PROVIDE (N_install_parameters, .)
                0xc0d0a7c0                _envram = .
                0x00000040                _nvram_data_size = (_envram - _nvram_data)

.glue_7         0xc0d0a7c0        0x0
 .glue_7        0xc0d0a7c0        0x0 linker stubs

.glue_7t        0xc0d0a7c0        0x0
 .glue_7t       0xc0d0a7c0        0x0 linker stubs

.vfp11_veneer   0xc0d0a7c0        0x0
 .vfp11_veneer  0xc0d0a7c0        0x0 linker stubs

.v4_bx          0xc0d0a7c0        0x0
 .v4_bx         0xc0d0a7c0        0x0 linker stubs

.iplt           0xc0d0a7c0        0x0
 .iplt          0xc0d0a7c0        0x0 obj/cx_compliance_141.o

.data           0xd0000000        0x0
                0xd0000000                . = ALIGN (0x4)
                0xd0000000                _data = .
 *(vtable)
 *(.data*)
                0xd0000000                _edata = .

.igot.plt       0xd0000000        0x0
 .igot.plt      0xd0000000        0x0 obj/cx_compliance_141.o

.bss            0x20001800      0xc88
                0x20001800                _bss = .
 *(.bss*)
 .bss.tmpCtx    0x20001800       0xac obj/main.o
                0x20001800                tmpCtx
 .bss.ux_step   0x200018ac        0x4 obj/main.o
                0x200018ac                ux_step
 .bss.ux        0x200018b0       0xb0 obj/main.o
                0x200018b0                ux
 .bss.confirmLabel
                0x20001960       0x20 obj/main.o
                0x20001960                confirmLabel
 .bss.txContent
                0x20001980       0xc2 obj/main.o
                0x20001980                txContent
 *fill*         0x20001a42        0x2 00
 .bss.txProcessingCtx
                0x20001a44      0x24c obj/main.o
                0x20001a44                txProcessingCtx
 .bss.actionCounter
                0x20001c90       0x20 obj/main.o
                0x20001c90                actionCounter
 .bss.ux_step_count
                0x20001cb0        0x4 obj/main.o
                0x20001cb0                ux_step_count
 .bss.sha256    0x20001cb4       0x6c obj/main.o
                0x20001cb4                sha256
 .bss.dataSha256
                0x20001d20       0x6c obj/main.o
                0x20001d20                dataSha256
 .bss.G_io_seproxyhal_spi_buffer
                0x20001d8c       0x80 obj/main.o
                0x20001d8c                G_io_seproxyhal_spi_buffer
 .bss.G_io_usb_hid_sequence_number
                0x20001e0c        0x4 obj/os.o
                0x20001e0c                G_io_usb_hid_sequence_number
 .bss.G_io_usb_hid_total_length
                0x20001e10        0x4 obj/os.o
                0x20001e10                G_io_usb_hid_total_length
 .bss.G_io_usb_hid_remaining_length
                0x20001e14        0x4 obj/os.o
                0x20001e14                G_io_usb_hid_remaining_length
 .bss.G_io_apdu_buffer
                0x20001e18      0x151 obj/os.o
                0x20001e18                G_io_apdu_buffer
 *fill*         0x20001f69        0x3 00
 .bss.G_io_usb_hid_current_buffer
                0x20001f6c        0x4 obj/os.o
                0x20001f6c                G_io_usb_hid_current_buffer
 .bss.G_io_usb_hid_channel
                0x20001f70        0x4 obj/os.o
                0x20001f70                G_io_usb_hid_channel
 .bss.G_io_apdu_media
                0x20001f74        0x1 obj/os_io_seproxyhal.o
                0x20001f74                G_io_apdu_media
 .bss.G_io_usb_ep_xfer_len
                0x20001f75        0x6 obj/os_io_seproxyhal.o
 *fill*         0x20001f7b        0x1 00
 .bss.G_io_usb_ep_timeouts
                0x20001f7c        0xc obj/os_io_seproxyhal.o
                0x20001f7c                G_io_usb_ep_timeouts
 .bss.G_io_apdu_state
                0x20001f88        0x1 obj/os_io_seproxyhal.o
                0x20001f88                G_io_apdu_state
 *fill*         0x20001f89        0x1 00
 .bss.G_io_apdu_length
                0x20001f8a        0x2 obj/os_io_seproxyhal.o
                0x20001f8a                G_io_apdu_length
 .bss.G_bagl_last_touched_not_released_component
                0x20001f8c        0x4 obj/os_io_seproxyhal.o
                0x20001f8c                G_bagl_last_touched_not_released_component
 .bss.G_button_mask
                0x20001f90        0x4 obj/os_io_seproxyhal.o
                0x20001f90                G_button_mask
 .bss.G_button_same_mask_counter
                0x20001f94        0x4 obj/os_io_seproxyhal.o
                0x20001f94                G_button_same_mask_counter
 .bss.G_io_u2f  0x20001f98       0x44 obj/os_io_seproxyhal.o
                0x20001f98                G_io_u2f
 .bss.ux_menu   0x20001fdc       0x4c obj/os_io_seproxyhal.o
                0x20001fdc                ux_menu
 .bss.G_io_usb_ep_buffer
                0x20002028       0x40 obj/os_io_seproxyhal.o
                0x20002028                G_io_usb_ep_buffer
 .bss.ep_in_stall
                0x20002068        0x4 obj/usbd_conf.o
                0x20002068                ep_in_stall
 .bss.ep_out_stall
                0x2000206c        0x4 obj/usbd_conf.o
                0x2000206c                ep_out_stall
 .bss.USBD_Device
                0x20002070      0x114 obj/usbd_core.o
                0x20002070                USBD_Device
                0x20002184                _ebss = .
                0x20002184                . = ALIGN (0x4)
                0x20002184                app_stack_canary = .
                [!provide]                PROVIDE (app_stack_canary, .)
                0x20002188                . = (. + 0x4)
 *fill*         0x20002184        0x4 00
                0x20002188                _stack = .
                0x20002488                . = (_stack + STACK_SIZE)
 *fill*         0x20002188      0x300 00
                [!provide]                PROVIDE (_stack_size, STACK_SIZE)
                [!provide]                PROVIDE (_estack, ABSOLUTE (END_STACK))

DEBUG           0xd0000000        0x8
 libc.a(*)
 libm.a(*)
 libgcc.a(*)
 *(.ARM.exidx* .gnu.linkonce.armexidx.*)
 .ARM.exidx.text.printString
                0xd0000000        0x0 obj/hive_parse.o
                                  0x8 (size before relaxing)
 .ARM.exidx.text.parsePublicKeyField
                0xd0000000        0x0 obj/hive_parse.o
                                  0x8 (size before relaxing)
 .ARM.exidx.text.parseUint16Field
                0xd0000000        0x0 obj/hive_parse.o
                                  0x8 (size before relaxing)
 .ARM.exidx.text.parseUint32Field
                0xd0000000        0x0 obj/hive_parse.o
                                  0x8 (size before relaxing)
 .ARM.exidx.text.parseInt64Field
                0xd0000000        0x0 obj/hive_parse.o
                                  0x8 (size before relaxing)
 .ARM.exidx.text.parseAssetField
                0xd0000000        0x0 obj/hive_parse.o
                                  0x8 (size before relaxing)
 .ARM.exidx.text.parseStringField
                0xd0000000        0x0 obj/hive_parse.o
                                  0x8 (size before relaxing)
 .ARM.exidx.text.parseHiveVote
                0xd0000000        0x0 obj/hive_parse_operations.o
                                  0x8 (size before relaxing)
 .ARM.exidx.text.parseHiveComment
                0xd0000000        0x0 obj/hive_parse_operations.o
                                  0x8 (size before relaxing)
 .ARM.exidx.text.parseHiveTransfer
                0xd0000000        0x0 obj/hive_parse_operations.o
                                  0x8 (size before relaxing)
 .ARM.exidx.text.parseHiveTransferToVesting
                0xd0000000        0x0 obj/hive_parse_operations.o
                                  0x8 (size before relaxing)
 .ARM.exidx.text.parseHiveWithdrawVesting
                0xd0000000        0x0 obj/hive_parse_operations.o
                                  0x8 (size before relaxing)
 .ARM.exidx.text.parseHiveLimitOrderCreate
                0xd0000000        0x0 obj/hive_parse_operations.o
                                  0x8 (size before relaxing)
 .ARM.exidx.text.parseHiveLimitOrderCancel
                0xd0000000        0x0 obj/hive_parse_operations.o
                                  0x8 (size before relaxing)
 .ARM.exidx.text.parseHiveFeedPublish
                0xd0000000        0x0 obj/hive_parse_operations.o
                                  0x8 (size before relaxing)
 .ARM.exidx.text.parseHiveConvert
                0xd0000000        0x0 obj/hive_parse_operations.o
                                  0x8 (size before relaxing)
 .ARM.exidx.text.parseHiveAccountCreate
                0xd0000000        0x0 obj/hive_parse_operations.o
                                  0x8 (size before relaxing)
 .ARM.exidx.text.parseHiveAccountUpdate
                0xd0000000        0x0 obj/hive_parse_operations.o
                                  0x8 (size before relaxing)
 .ARM.exidx.text.parseHiveWitnessUpdate
                0xd0000000        0x0 obj/hive_parse_operations.o
                                  0x8 (size before relaxing)
 .ARM.exidx.text.parseHiveAccountWitnessVote
                0xd0000000        0x0 obj/hive_parse_operations.o
                                  0x8 (size before relaxing)
 .ARM.exidx.text.parseHiveAccountWitnessProxy
                0xd0000000        0x0 obj/hive_parse_operations.o
                                  0x8 (size before relaxing)
 .ARM.exidx.text.parseHiveDeleteComment
                0xd0000000        0x0 obj/hive_parse_operations.o
                                  0x8 (size before relaxing)
 .ARM.exidx.text.parseHiveCustomJson
                0xd0000000        0x0 obj/hive_parse_operations.o
                                  0x8 (size before relaxing)
 .ARM.exidx.text.parseHiveCommentOptions
                0xd0000000        0x0 obj/hive_parse_operations.o
                                  0x8 (size before relaxing)
 .ARM.exidx.text.parseHiveSetWithdrawVestingRoute
                0xd0000000        0x0 obj/hive_parse_operations.o
                                  0x8 (size before relaxing)
 .ARM.exidx.text.parseHiveClaimAccount
                0xd0000000        0x0 obj/hive_parse_operations.o
                                  0x8 (size before relaxing)
 .ARM.exidx.text.parseHiveCreateClaimedAccount
                0xd0000000        0x0 obj/hive_parse_operations.o
                                  0x8 (size before relaxing)
 .ARM.exidx.text.parseHiveRequestAccountRecovery
                0xd0000000        0x0 obj/hive_parse_operations.o
                                  0x8 (size before relaxing)
 .ARM.exidx.text.parseHiveRecoverAccount
                0xd0000000        0x0 obj/hive_parse_operations.o
                                  0x8 (size before relaxing)
 .ARM.exidx.text.parseHiveChangeRecoveryAccount
                0xd0000000        0x0 obj/hive_parse_operations.o
                                  0x8 (size before relaxing)
 .ARM.exidx.text.parseHiveTransferToSavings
                0xd0000000        0x0 obj/hive_parse_operations.o
                                  0x8 (size before relaxing)
 .ARM.exidx.text.parseHiveTransferFromSavings
                0xd0000000        0x0 obj/hive_parse_operations.o
                                  0x8 (size before relaxing)
 .ARM.exidx.text.parseHiveCancelTransferFromSavings
                0xd0000000        0x0 obj/hive_parse_operations.o
                                  0x8 (size before relaxing)
 .ARM.exidx.text.parseHiveDeclineVotingRights
                0xd0000000        0x0 obj/hive_parse_operations.o
                                  0x8 (size before relaxing)
 .ARM.exidx.text.parseHiveResetAccount
                0xd0000000        0x0 obj/hive_parse_operations.o
                                  0x8 (size before relaxing)
 .ARM.exidx.text.parseHiveSetResetAccount
                0xd0000000        0x0 obj/hive_parse_operations.o
                                  0x8 (size before relaxing)
 .ARM.exidx.text.parseHiveClaimRewardBalance
                0xd0000000        0x0 obj/hive_parse_operations.o
                                  0x8 (size before relaxing)
 .ARM.exidx.text.parseHiveDelegateVestingShares
                0xd0000000        0x0 obj/hive_parse_operations.o
                                  0x8 (size before relaxing)
 .ARM.exidx.text.parseHiveCreateProposal
                0xd0000000        0x0 obj/hive_parse_operations.o
                                  0x8 (size before relaxing)
 .ARM.exidx.text.parseHiveUpdateProposalVotes
                0xd0000000        0x0 obj/hive_parse_operations.o
                                  0x8 (size before relaxing)
 .ARM.exidx.text.parseHiveRemoveProposal
                0xd0000000        0x0 obj/hive_parse_operations.o
                                  0x8 (size before relaxing)
 .ARM.exidx.text.initTxContext
                0xd0000000        0x0 obj/hive_stream.o
                                  0x8 (size before relaxing)
 .ARM.exidx.text.readTxByte
                0xd0000000        0x0 obj/hive_stream.o
                                  0x8 (size before relaxing)
 .ARM.exidx.text.printArgument
                0xd0000000        0x0 obj/hive_stream.o
                                  0x8 (size before relaxing)
 .ARM.exidx.text.parseTx
                0xd0000000        0x0 obj/hive_stream.o
                                  0x8 (size before relaxing)
 .ARM.exidx.text.append
                0xd0000000        0x0 obj/hive_types.o
                                  0x8 (size before relaxing)
 .ARM.exidx.text.asset_to_string
                0xd0000000        0x0 obj/hive_types.o
                                  0x8 (size before relaxing)
 .ARM.exidx.text.unpack_variant32
                0xd0000000        0x0 obj/hive_types.o
                                  0x8 (size before relaxing)
 .ARM.exidx.text.public_key_to_wif
                0xd0000000        0x0 obj/hive_types.o
                                  0x8 (size before relaxing)
 .ARM.exidx.text.compressed_public_key_to_wif
                0xd0000000        0x0 obj/hive_types.o
                                  0x8 (size before relaxing)
 .ARM.exidx.text.b58enc
                0xd0000000        0x0 obj/hive_utils.o
                                  0x8 (size before relaxing)
 .ARM.exidx.text.i64toa
                0xd0000000        0x0 obj/hive_utils.o
                                  0x8 (size before relaxing)
 .ARM.exidx.text.tlvTryDecode
                0xd0000000        0x0 obj/hive_utils.o
                                  0x8 (size before relaxing)
 .ARM.exidx.text.check_canonical
                0xd0000000        0x0 obj/hive_utils.o
                                  0x8 (size before relaxing)
 .ARM.exidx.text.ecdsa_der_to_sig
                0xd0000000        0x0 obj/hive_utils.o
                                  0x8 (size before relaxing)
 .ARM.exidx.text.rng_rfc6979
                0xd0000000        0x0 obj/hive_utils.o
                                  0x8 (size before relaxing)
 .ARM.exidx.text.menu_settings_data_change
                0xd0000000        0x0 obj/main.o
                                  0x8 (size before relaxing)
 .ARM.exidx.text.menu_settings_data_init
                0xd0000000        0x0 obj/main.o
                                  0x8 (size before relaxing)
 .ARM.exidx.text.ui_address_prepro
                0xd0000000        0x0 obj/main.o
                                  0x8 (size before relaxing)
 .ARM.exidx.text.ui_single_action_tx_approval_prepro
                0xd0000000        0x0 obj/main.o
                                  0x8 (size before relaxing)
 .ARM.exidx.text.ui_multiple_action_tx_approval_prepro
                0xd0000000        0x0 obj/main.o
                                  0x8 (size before relaxing)
 .ARM.exidx.text.ui_idle
                0xd0000000        0x0 obj/main.o
                                  0x8 (size before relaxing)
 .ARM.exidx.text.io_seproxyhal_touch_address_ok
                0xd0000000        0x0 obj/main.o
                                  0x8 (size before relaxing)
 .ARM.exidx.text.get_public_key_and_set_result
                0xd0000000        0x0 obj/main.o
                                  0x8 (size before relaxing)
 .ARM.exidx.text.ui_address_nanos_button
                0xd0000000        0x0 obj/main.o
                                  0x8 (size before relaxing)
 .ARM.exidx.text.io_seproxyhal_touch_tx_ok
                0xd0000000        0x0 obj/main.o
                                  0x8 (size before relaxing)
 .ARM.exidx.text.sign_hash_and_set_result
                0xd0000000        0x0 obj/main.o
                                  0x8 (size before relaxing)
 .ARM.exidx.text.ui_single_action_tx_approval_nanos_button
                0xd0000000        0x0 obj/main.o
                                  0x8 (size before relaxing)
 .ARM.exidx.text.io_seproxyhal_display
                0xd0000000        0x0 obj/main.o
                                  0x8 (size before relaxing)
 .ARM.exidx.text.ui_multiple_action_tx_approval_nanos_button
                0xd0000000        0x0 obj/main.o
                                  0x8 (size before relaxing)
 .ARM.exidx.text.io_exchange_al
                0xd0000000        0x0 obj/main.o
                                  0x8 (size before relaxing)
 .ARM.exidx.text.handleGetPublicKey
                0xd0000000        0x0 obj/main.o
                                  0x8 (size before relaxing)
 .ARM.exidx.text.handleGetAppConfiguration
                0xd0000000        0x0 obj/main.o
                                  0x8 (size before relaxing)
 .ARM.exidx.text.handleSign
                0xd0000000        0x0 obj/main.o
                                  0x8 (size before relaxing)
 .ARM.exidx.text.handleApdu
                0xd0000000        0x0 obj/main.o
                                  0x8 (size before relaxing)
 .ARM.exidx.text.sample_main
                0xd0000000        0x0 obj/main.o
                                  0x8 (size before relaxing)
 .ARM.exidx.text.io_event
                0xd0000000        0x0 obj/main.o
                                  0x8 (size before relaxing)
 .ARM.exidx.text.app_exit
                0xd0000000        0x0 obj/main.o
                                  0x8 (size before relaxing)
 .ARM.exidx.boot
                0xd0000000        0x8 obj/main.o
 .ARM.exidx.text.os_boot
                0xd0000008        0x0 obj/os.o
                                  0x8 (size before relaxing)
 .ARM.exidx.text.try_context_set
                0xd0000008        0x0 obj/os.o
                                  0x8 (size before relaxing)
 .ARM.exidx.text.io_usb_hid_receive
                0xd0000008        0x0 obj/os.o
                                  0x8 (size before relaxing)
 .ARM.exidx.text.os_memset
                0xd0000008        0x0 obj/os.o
                                  0x8 (size before relaxing)
 .ARM.exidx.text.os_memmove
                0xd0000008        0x0 obj/os.o
                                  0x8 (size before relaxing)
 .ARM.exidx.text.io_usb_hid_init
                0xd0000008        0x0 obj/os.o
                                  0x8 (size before relaxing)
 .ARM.exidx.text.io_usb_hid_sent
                0xd0000008        0x0 obj/os.o
                                  0x8 (size before relaxing)
 .ARM.exidx.text.io_usb_hid_send
                0xd0000008        0x0 obj/os.o
                                  0x8 (size before relaxing)
 .ARM.exidx.text.os_memcmp
                0xd0000008        0x0 obj/os.o
                                  0x8 (size before relaxing)
 .ARM.exidx.text.os_longjmp
                0xd0000008        0x0 obj/os.o
                                  0x8 (size before relaxing)
 .ARM.exidx.text.try_context_get
                0xd0000008        0x0 obj/os.o
                                  0x8 (size before relaxing)
 .ARM.exidx.text.try_context_get_previous
                0xd0000008        0x0 obj/os.o
                                  0x8 (size before relaxing)
 .ARM.exidx.text.io_seproxyhal_general_status
                0xd0000008        0x0 obj/os_io_seproxyhal.o
                                  0x8 (size before relaxing)
 .ARM.exidx.text.io_seproxyhal_handle_usb_event
                0xd0000008        0x0 obj/os_io_seproxyhal.o
                                  0x8 (size before relaxing)
 .ARM.exidx.text.io_seproxyhal_get_ep_rx_size
                0xd0000008        0x0 obj/os_io_seproxyhal.o
                                  0x8 (size before relaxing)
 .ARM.exidx.text.io_seproxyhal_handle_usb_ep_xfer_event
                0xd0000008        0x0 obj/os_io_seproxyhal.o
                                  0x8 (size before relaxing)
 .ARM.exidx.text.io_usb_send_ep
                0xd0000008        0x0 obj/os_io_seproxyhal.o
                                  0x8 (size before relaxing)
 .ARM.exidx.text.io_usb_send_apdu_data
                0xd0000008        0x0 obj/os_io_seproxyhal.o
                                  0x8 (size before relaxing)
 .ARM.exidx.text.io_usb_send_apdu_data_ep0x83
                0xd0000008        0x0 obj/os_io_seproxyhal.o
                                  0x8 (size before relaxing)
 .ARM.exidx.text.io_seproxyhal_handle_capdu_event
                0xd0000008        0x0 obj/os_io_seproxyhal.o
                                  0x8 (size before relaxing)
 .ARM.exidx.text.io_seproxyhal_handle_event
                0xd0000008        0x0 obj/os_io_seproxyhal.o
                                  0x8 (size before relaxing)
 .ARM.exidx.text.io_seproxyhal_init
                0xd0000008        0x0 obj/os_io_seproxyhal.o
                                  0x8 (size before relaxing)
 .ARM.exidx.text.io_seproxyhal_init_ux
                0xd0000008        0x0 obj/os_io_seproxyhal.o
                                  0x8 (size before relaxing)
 .ARM.exidx.text.io_seproxyhal_init_button
                0xd0000008        0x0 obj/os_io_seproxyhal.o
                                  0x8 (size before relaxing)
 .ARM.exidx.text.io_seproxyhal_touch_out
                0xd0000008        0x0 obj/os_io_seproxyhal.o
                                  0x8 (size before relaxing)
 .ARM.exidx.text.io_seproxyhal_touch_over
                0xd0000008        0x0 obj/os_io_seproxyhal.o
                                  0x8 (size before relaxing)
 .ARM.exidx.text.io_seproxyhal_touch_tap
                0xd0000008        0x0 obj/os_io_seproxyhal.o
                                  0x8 (size before relaxing)
 .ARM.exidx.text.io_seproxyhal_touch_element_callback
                0xd0000008        0x0 obj/os_io_seproxyhal.o
                                  0x8 (size before relaxing)
 .ARM.exidx.text.io_seproxyhal_display_icon
                0xd0000008        0x0 obj/os_io_seproxyhal.o
                                  0x8 (size before relaxing)
 .ARM.exidx.text.io_seproxyhal_display_default
                0xd0000008        0x0 obj/os_io_seproxyhal.o
                                  0x8 (size before relaxing)
 .ARM.exidx.text.bagl_label_roundtrip_duration_ms
                0xd0000008        0x0 obj/os_io_seproxyhal.o
                                  0x8 (size before relaxing)
 .ARM.exidx.text.bagl_label_roundtrip_duration_ms_buf
                0xd0000008        0x0 obj/os_io_seproxyhal.o
                                  0x8 (size before relaxing)
 .ARM.exidx.text.io_seproxyhal_se_reset
                0xd0000008        0x0 obj/os_io_seproxyhal.o
                                  0x8 (size before relaxing)
 .ARM.exidx.text.io_seproxyhal_button_push
                0xd0000008        0x0 obj/os_io_seproxyhal.o
                                  0x8 (size before relaxing)
 .ARM.exidx.text.io_exchange
                0xd0000008        0x0 obj/os_io_seproxyhal.o
                                  0x8 (size before relaxing)
 .ARM.exidx.text.screen_printc
                0xd0000008        0x0 obj/os_io_seproxyhal.o
                                  0x8 (size before relaxing)
 .ARM.exidx.text.ux_menu_element_preprocessor
                0xd0000008        0x0 obj/os_io_seproxyhal.o
                                  0x8 (size before relaxing)
 .ARM.exidx.text.ux_menu_elements_button
                0xd0000008        0x0 obj/os_io_seproxyhal.o
                                  0x8 (size before relaxing)
 .ARM.exidx.text.ux_menu_display
                0xd0000008        0x0 obj/os_io_seproxyhal.o
                                  0x8 (size before relaxing)
 .ARM.exidx.text.ux_check_status_default
                0xd0000008        0x0 obj/os_io_seproxyhal.o
                                  0x8 (size before relaxing)
 .ARM.exidx.text.screen_printf
                0xd0000008        0x0 obj/os_printf.o
                                  0x8 (size before relaxing)
 .ARM.exidx.text.snprintf
                0xd0000008        0x0 obj/os_printf.o
                                  0x8 (size before relaxing)
 .ARM.exidx.text.pic
                0xd0000008        0x0 obj/pic.o
                                  0x8 (size before relaxing)
 .ARM.exidx.text.pic_internal
                0xd0000008        0x0 obj/pic_internal.o
                                  0x8 (size before relaxing)
 .ARM.exidx.text.SVC_Call
                0xd0000008        0x0 obj/syscalls.o
                                  0x8 (size before relaxing)
 .ARM.exidx.text.check_api_level
                0xd0000008        0x0 obj/syscalls.o
                                  0x8 (size before relaxing)
 .ARM.exidx.text.reset
                0xd0000008        0x0 obj/syscalls.o
                                  0x8 (size before relaxing)
 .ARM.exidx.text.nvm_write
                0xd0000008        0x0 obj/syscalls.o
                                  0x8 (size before relaxing)
 .ARM.exidx.text.cx_rng
                0xd0000008        0x0 obj/syscalls.o
                                  0x8 (size before relaxing)
 .ARM.exidx.text.cx_hash
                0xd0000008        0x0 obj/syscalls.o
                                  0x8 (size before relaxing)
 .ARM.exidx.text.cx_ripemd160_init
                0xd0000008        0x0 obj/syscalls.o
                                  0x8 (size before relaxing)
 .ARM.exidx.text.cx_sha256_init
                0xd0000008        0x0 obj/syscalls.o
                                  0x8 (size before relaxing)
 .ARM.exidx.text.cx_hmac_sha256_init
                0xd0000008        0x0 obj/syscalls.o
                                  0x8 (size before relaxing)
 .ARM.exidx.text.cx_hmac
                0xd0000008        0x0 obj/syscalls.o
                                  0x8 (size before relaxing)
 .ARM.exidx.text.cx_ecfp_init_private_key
                0xd0000008        0x0 obj/syscalls.o
                                  0x8 (size before relaxing)
 .ARM.exidx.text.cx_ecfp_generate_pair
                0xd0000008        0x0 obj/syscalls.o
                                  0x8 (size before relaxing)
 .ARM.exidx.text.cx_ecdsa_sign
                0xd0000008        0x0 obj/syscalls.o
                                  0x8 (size before relaxing)
 .ARM.exidx.text.cx_crc16_update
                0xd0000008        0x0 obj/syscalls.o
                                  0x8 (size before relaxing)
 .ARM.exidx.text.os_perso_derive_node_bip32
                0xd0000008        0x0 obj/syscalls.o
                                  0x8 (size before relaxing)
 .ARM.exidx.text.os_sched_exit
                0xd0000008        0x0 obj/syscalls.o
                                  0x8 (size before relaxing)
 .ARM.exidx.text.os_ux
                0xd0000008        0x0 obj/syscalls.o
                                  0x8 (size before relaxing)
 .ARM.exidx.text.io_seproxyhal_spi_send
                0xd0000008        0x0 obj/syscalls.o
                                  0x8 (size before relaxing)
 .ARM.exidx.text.io_seproxyhal_spi_is_status_sent
                0xd0000008        0x0 obj/syscalls.o
                                  0x8 (size before relaxing)
 .ARM.exidx.text.io_seproxyhal_spi_recv
                0xd0000008        0x0 obj/syscalls.o
                                  0x8 (size before relaxing)
 .ARM.exidx.text.u2f_apdu_sign
                0xd0000008        0x0 obj/u2f_impl.o
                                  0x8 (size before relaxing)
 .ARM.exidx.text.u2f_handle_cmd_init
                0xd0000008        0x0 obj/u2f_impl.o
                                  0x8 (size before relaxing)
 .ARM.exidx.text.u2f_handle_cmd_msg
                0xd0000008        0x0 obj/u2f_impl.o
                                  0x8 (size before relaxing)
 .ARM.exidx.text.u2f_message_complete
                0xd0000008        0x0 obj/u2f_impl.o
                                  0x8 (size before relaxing)
 .ARM.exidx.text.u2f_io_send
                0xd0000008        0x0 obj/u2f_io.o
                                  0x8 (size before relaxing)
 .ARM.exidx.text.u2f_transport_init
                0xd0000008        0x0 obj/u2f_transport.o
                                  0x8 (size before relaxing)
 .ARM.exidx.text.u2f_transport_sent
                0xd0000008        0x0 obj/u2f_transport.o
                                  0x8 (size before relaxing)
 .ARM.exidx.text.u2f_transport_send_usb_user_presence_required
                0xd0000008        0x0 obj/u2f_transport.o
                                  0x8 (size before relaxing)
 .ARM.exidx.text.u2f_transport_send_wink
                0xd0000008        0x0 obj/u2f_transport.o
                                  0x8 (size before relaxing)
 .ARM.exidx.text.u2f_transport_receive_fakeChannel
                0xd0000008        0x0 obj/u2f_transport.o
                                  0x8 (size before relaxing)
 .ARM.exidx.text.u2f_transport_received
                0xd0000008        0x0 obj/u2f_transport.o
                                  0x8 (size before relaxing)
 .ARM.exidx.text.u2f_is_channel_broadcast
                0xd0000008        0x0 obj/u2f_transport.o
                                  0x8 (size before relaxing)
 .ARM.exidx.text.u2f_message_set_autoreply_wait_user_presence
                0xd0000008        0x0 obj/u2f_transport.o
                                  0x8 (size before relaxing)
 .ARM.exidx.text.u2f_message_repliable
                0xd0000008        0x0 obj/u2f_transport.o
                                  0x8 (size before relaxing)
 .ARM.exidx.text.u2f_message_reply
                0xd0000008        0x0 obj/u2f_transport.o
                                  0x8 (size before relaxing)
 .ARM.exidx.text.USBD_LL_Init
                0xd0000008        0x0 obj/usbd_conf.o
                                  0x8 (size before relaxing)
 .ARM.exidx.text.USBD_LL_DeInit
                0xd0000008        0x0 obj/usbd_conf.o
                                  0x8 (size before relaxing)
 .ARM.exidx.text.USBD_LL_Start
                0xd0000008        0x0 obj/usbd_conf.o
                                  0x8 (size before relaxing)
 .ARM.exidx.text.USBD_LL_Stop
                0xd0000008        0x0 obj/usbd_conf.o
                                  0x8 (size before relaxing)
 .ARM.exidx.text.USBD_LL_OpenEP
                0xd0000008        0x0 obj/usbd_conf.o
                                  0x8 (size before relaxing)
 .ARM.exidx.text.USBD_LL_CloseEP
                0xd0000008        0x0 obj/usbd_conf.o
                                  0x8 (size before relaxing)
 .ARM.exidx.text.USBD_LL_StallEP
                0xd0000008        0x0 obj/usbd_conf.o
                                  0x8 (size before relaxing)
 .ARM.exidx.text.USBD_LL_ClearStallEP
                0xd0000008        0x0 obj/usbd_conf.o
                                  0x8 (size before relaxing)
 .ARM.exidx.text.USBD_LL_IsStallEP
                0xd0000008        0x0 obj/usbd_conf.o
                                  0x8 (size before relaxing)
 .ARM.exidx.text.USBD_LL_SetUSBAddress
                0xd0000008        0x0 obj/usbd_conf.o
                                  0x8 (size before relaxing)
 .ARM.exidx.text.USBD_LL_Transmit
                0xd0000008        0x0 obj/usbd_conf.o
                                  0x8 (size before relaxing)
 .ARM.exidx.text.USBD_LL_PrepareReceive
                0xd0000008        0x0 obj/usbd_conf.o
                                  0x8 (size before relaxing)
 .ARM.exidx.text.USBD_Init
                0xd0000008        0x0 obj/usbd_core.o
                                  0x8 (size before relaxing)
 .ARM.exidx.text.USBD_DeInit
                0xd0000008        0x0 obj/usbd_core.o
                                  0x8 (size before relaxing)
 .ARM.exidx.text.USBD_RegisterClassForInterface
                0xd0000008        0x0 obj/usbd_core.o
                                  0x8 (size before relaxing)
 .ARM.exidx.text.USBD_Start
                0xd0000008        0x0 obj/usbd_core.o
                                  0x8 (size before relaxing)
 .ARM.exidx.text.USBD_SetClassConfig
                0xd0000008        0x0 obj/usbd_core.o
                                  0x8 (size before relaxing)
 .ARM.exidx.text.USBD_ClrClassConfig
                0xd0000008        0x0 obj/usbd_core.o
                                  0x8 (size before relaxing)
 .ARM.exidx.text.USBD_LL_SetupStage
                0xd0000008        0x0 obj/usbd_core.o
                                  0x8 (size before relaxing)
 .ARM.exidx.text.USBD_LL_DataOutStage
                0xd0000008        0x0 obj/usbd_core.o
                                  0x8 (size before relaxing)
 .ARM.exidx.text.USBD_LL_DataInStage
                0xd0000008        0x0 obj/usbd_core.o
                                  0x8 (size before relaxing)
 .ARM.exidx.text.USBD_LL_Reset
                0xd0000008        0x0 obj/usbd_core.o
                                  0x8 (size before relaxing)
 .ARM.exidx.text.USBD_LL_SetSpeed
                0xd0000008        0x0 obj/usbd_core.o
                                  0x8 (size before relaxing)
 .ARM.exidx.text.USBD_LL_Suspend
                0xd0000008        0x0 obj/usbd_core.o
                                  0x8 (size before relaxing)
 .ARM.exidx.text.USBD_LL_Resume
                0xd0000008        0x0 obj/usbd_core.o
                                  0x8 (size before relaxing)
 .ARM.exidx.text.USBD_LL_SOF
                0xd0000008        0x0 obj/usbd_core.o
                                  0x8 (size before relaxing)
 .ARM.exidx.text.usbd_is_valid_intf
                0xd0000008        0x0 obj/usbd_ctlreq.o
                                  0x8 (size before relaxing)
 .ARM.exidx.text.USBD_StdDevReq
                0xd0000008        0x0 obj/usbd_ctlreq.o
                                  0x8 (size before relaxing)
 .ARM.exidx.text.USBD_GetDescriptor
                0xd0000008        0x0 obj/usbd_ctlreq.o
                                  0x8 (size before relaxing)
 .ARM.exidx.text.USBD_SetAddress
                0xd0000008        0x0 obj/usbd_ctlreq.o
                                  0x8 (size before relaxing)
 .ARM.exidx.text.USBD_SetConfig
                0xd0000008        0x0 obj/usbd_ctlreq.o
                                  0x8 (size before relaxing)
 .ARM.exidx.text.USBD_GetConfig
                0xd0000008        0x0 obj/usbd_ctlreq.o
                                  0x8 (size before relaxing)
 .ARM.exidx.text.USBD_GetStatus
                0xd0000008        0x0 obj/usbd_ctlreq.o
                                  0x8 (size before relaxing)
 .ARM.exidx.text.USBD_SetFeature
                0xd0000008        0x0 obj/usbd_ctlreq.o
                                  0x8 (size before relaxing)
 .ARM.exidx.text.USBD_ClrFeature
                0xd0000008        0x0 obj/usbd_ctlreq.o
                                  0x8 (size before relaxing)
 .ARM.exidx.text.USBD_StdItfReq
                0xd0000008        0x0 obj/usbd_ctlreq.o
                                  0x8 (size before relaxing)
 .ARM.exidx.text.USBD_StdEPReq
                0xd0000008        0x0 obj/usbd_ctlreq.o
                                  0x8 (size before relaxing)
 .ARM.exidx.text.USBD_ParseSetupRequest
                0xd0000008        0x0 obj/usbd_ctlreq.o
                                  0x8 (size before relaxing)
 .ARM.exidx.text.USBD_CtlStall
                0xd0000008        0x0 obj/usbd_ctlreq.o
                                  0x8 (size before relaxing)
 .ARM.exidx.text.USBD_HID_Setup
                0xd0000008        0x0 obj/usbd_hid.o
                                  0x8 (size before relaxing)
 .ARM.exidx.text.USBD_HID_Init
                0xd0000008        0x0 obj/usbd_hid.o
                                  0x8 (size before relaxing)
 .ARM.exidx.text.USBD_HID_DeInit
                0xd0000008        0x0 obj/usbd_hid.o
                                  0x8 (size before relaxing)
 .ARM.exidx.text.USBD_HID_GetHidDescriptor_impl
                0xd0000008        0x0 obj/usbd_impl.o
                                  0x8 (size before relaxing)
 .ARM.exidx.text.USBD_HID_GetReportDescriptor_impl
                0xd0000008        0x0 obj/usbd_impl.o
                                  0x8 (size before relaxing)
 .ARM.exidx.text.USBD_U2F_Init
                0xd0000008        0x0 obj/usbd_impl.o
                                  0x8 (size before relaxing)
 .ARM.exidx.text.USBD_U2F_DataIn_impl
                0xd0000008        0x0 obj/usbd_impl.o
                                  0x8 (size before relaxing)
 .ARM.exidx.text.USBD_U2F_DataOut_impl
                0xd0000008        0x0 obj/usbd_impl.o
                                  0x8 (size before relaxing)
 .ARM.exidx.text.USBD_HID_DataIn_impl
                0xd0000008        0x0 obj/usbd_impl.o
                                  0x8 (size before relaxing)
 .ARM.exidx.text.USBD_HID_DataOut_impl
                0xd0000008        0x0 obj/usbd_impl.o
                                  0x8 (size before relaxing)
 .ARM.exidx.text.USBD_WEBUSB_Init
                0xd0000008        0x0 obj/usbd_impl.o
                                  0x8 (size before relaxing)
 .ARM.exidx.text.USBD_WEBUSB_DeInit
                0xd0000008        0x0 obj/usbd_impl.o
                                  0x8 (size before relaxing)
 .ARM.exidx.text.USBD_WEBUSB_Setup
                0xd0000008        0x0 obj/usbd_impl.o
                                  0x8 (size before relaxing)
 .ARM.exidx.text.USBD_WEBUSB_DataIn
                0xd0000008        0x0 obj/usbd_impl.o
                                  0x8 (size before relaxing)
 .ARM.exidx.text.USBD_WEBUSB_DataOut
                0xd0000008        0x0 obj/usbd_impl.o
                                  0x8 (size before relaxing)
 .ARM.exidx.text.USBD_DeviceDescriptor
                0xd0000008        0x0 obj/usbd_impl.o
                                  0x8 (size before relaxing)
 .ARM.exidx.text.USBD_LangIDStrDescriptor
                0xd0000008        0x0 obj/usbd_impl.o
                                  0x8 (size before relaxing)
 .ARM.exidx.text.USBD_ManufacturerStrDescriptor
                0xd0000008        0x0 obj/usbd_impl.o
                                  0x8 (size before relaxing)
 .ARM.exidx.text.USBD_ProductStrDescriptor
                0xd0000008        0x0 obj/usbd_impl.o
                                  0x8 (size before relaxing)
 .ARM.exidx.text.USBD_SerialStrDescriptor
                0xd0000008        0x0 obj/usbd_impl.o
                                  0x8 (size before relaxing)
 .ARM.exidx.text.USBD_ConfigStrDescriptor
                0xd0000008        0x0 obj/usbd_impl.o
                                  0x8 (size before relaxing)
 .ARM.exidx.text.USBD_InterfaceStrDescriptor
                0xd0000008        0x0 obj/usbd_impl.o
                                  0x8 (size before relaxing)
 .ARM.exidx.text.USBD_CtlError
                0xd0000008        0x0 obj/usbd_impl.o
                                  0x8 (size before relaxing)
 .ARM.exidx.text.USB_power
                0xd0000008        0x0 obj/usbd_impl.o
                                  0x8 (size before relaxing)
 .ARM.exidx.text.USBD_GetCfgDesc_impl
                0xd0000008        0x0 obj/usbd_impl.o
                                  0x8 (size before relaxing)
 .ARM.exidx.text.USBD_GetDeviceQualifierDesc_impl
                0xd0000008        0x0 obj/usbd_impl.o
                                  0x8 (size before relaxing)
 .ARM.exidx.text.USBD_CtlSendData
                0xd0000008        0x0 obj/usbd_ioreq.o
                                  0x8 (size before relaxing)
 .ARM.exidx.text.USBD_CtlContinueSendData
                0xd0000008        0x0 obj/usbd_ioreq.o
                                  0x8 (size before relaxing)
 .ARM.exidx.text.USBD_CtlContinueRx
                0xd0000008        0x0 obj/usbd_ioreq.o
                                  0x8 (size before relaxing)
 .ARM.exidx.text.USBD_CtlSendStatus
                0xd0000008        0x0 obj/usbd_ioreq.o
                                  0x8 (size before relaxing)
 .ARM.exidx.text.USBD_CtlReceiveStatus
                0xd0000008        0x0 obj/usbd_ioreq.o
                                  0x8 (size before relaxing)
 .ARM.exidx     0xd0000008        0x0 /ledgerdev/bolosenv/gcc-arm-none-eabi-5_3-2016q1/bin/../lib/gcc/arm-none-eabi/5.3.1/armv6-m/libgcc.a(_divdi3.o)
                                  0x8 (size before relaxing)

.rel.dyn        0xd0000008        0x0
 .rel.iplt      0xd0000008        0x0 obj/cx_compliance_141.o

.stab
 *(.stab)

.stabstr
 *(.stabstr)

.stab.excl
 *(.stab.excl)

.stab.exclstr
 *(.stab.exclstr)

.stab.index
 *(.stab.index)

.stab.indexstr
 *(.stab.indexstr)

.comment        0x00000000       0x2d
 *(.comment)
 .comment       0x00000000       0x2d obj/glyphs.o
                                 0x2e (size before relaxing)
 .comment       0x0000002d       0x2e obj/hive_parse.o
 .comment       0x0000002d       0x2e obj/hive_parse_operations.o
 .comment       0x0000002d       0x2e obj/hive_stream.o
 .comment       0x0000002d       0x2e obj/hive_types.o
 .comment       0x0000002d       0x2e obj/hive_utils.o
 .comment       0x0000002d       0x2e obj/main.o
 .comment       0x0000002d       0x2e obj/os.o
 .comment       0x0000002d       0x2e obj/os_io_seproxyhal.o
 .comment       0x0000002d       0x2e obj/os_printf.o
 .comment       0x0000002d       0x2e obj/pic.o
 .comment       0x0000002d       0x2e obj/pic_internal.o
 .comment       0x0000002d       0x2e obj/syscalls.o
 .comment       0x0000002d       0x2e obj/u2f_impl.o
 .comment       0x0000002d       0x2e obj/u2f_io.o
 .comment       0x0000002d       0x2e obj/u2f_transport.o
 .comment       0x0000002d       0x2e obj/usbd_conf.o
 .comment       0x0000002d       0x2e obj/usbd_core.o
 .comment       0x0000002d       0x2e obj/usbd_ctlreq.o
 .comment       0x0000002d       0x2e obj/usbd_hid.o
 .comment       0x0000002d       0x2e obj/usbd_impl.o
 .comment       0x0000002d       0x2e obj/usbd_ioreq.o

.note.GNU-stack
                0x00000000        0x0
 .note.GNU-stack
                0x00000000        0x0 obj/glyphs.o
 .note.GNU-stack
                0x00000000        0x0 obj/hive_parse.o
 .note.GNU-stack
                0x00000000        0x0 obj/hive_parse_operations.o
 .note.GNU-stack
                0x00000000        0x0 obj/hive_stream.o
 .note.GNU-stack
                0x00000000        0x0 obj/hive_types.o
 .note.GNU-stack
                0x00000000        0x0 obj/hive_utils.o
 .note.GNU-stack
                0x00000000        0x0 obj/main.o
 .note.GNU-stack
                0x00000000        0x0 obj/os.o
 .note.GNU-stack
                0x00000000        0x0 obj/os_io_seproxyhal.o
 .note.GNU-stack
                0x00000000        0x0 obj/os_printf.o
 .note.GNU-stack
                0x00000000        0x0 obj/pic.o
 .note.GNU-stack
                0x00000000        0x0 obj/pic_internal.o
 .note.GNU-stack
                0x00000000        0x0 obj/syscalls.o
 .note.GNU-stack
                0x00000000        0x0 obj/u2f_impl.o
 .note.GNU-stack
                0x00000000        0x0 obj/u2f_io.o
 .note.GNU-stack
                0x00000000        0x0 obj/u2f_transport.o
 .note.GNU-stack
                0x00000000        0x0 obj/usbd_conf.o
 .note.GNU-stack
                0x00000000        0x0 obj/usbd_core.o
 .note.GNU-stack
                0x00000000        0x0 obj/usbd_ctlreq.o
 .note.GNU-stack
                0x00000000        0x0 obj/usbd_hid.o
 .note.GNU-stack
                0x00000000        0x0 obj/usbd_impl.o
 .note.GNU-stack
                0x00000000        0x0 obj/usbd_ioreq.o

.ARM.attributes
                0x00000000       0x31
 .ARM.attributes
                0x00000000       0x3f obj/glyphs.o
 .ARM.attributes
                0x0000003f       0x41 obj/hive_parse.o
 .ARM.attributes
                0x00000080       0x41 obj/hive_parse_operations.o
 .ARM.attributes
                0x000000c1       0x41 obj/hive_stream.o
 .ARM.attributes
                0x00000102       0x41 obj/hive_types.o
 .ARM.attributes
                0x00000143       0x41 obj/hive_utils.o
 .ARM.attributes
                0x00000184       0x41 obj/main.o
 .ARM.attributes
                0x000001c5       0x41 obj/os.o
 .ARM.attributes
                0x00000206       0x41 obj/os_io_seproxyhal.o
 .ARM.attributes
                0x00000247       0x41 obj/os_printf.o
 .ARM.attributes
                0x00000288       0x41 obj/pic.o
 .ARM.attributes
                0x000002c9       0x41 obj/pic_internal.o
 .ARM.attributes
                0x0000030a       0x41 obj/syscalls.o
 .ARM.attributes
                0x0000034b       0x41 obj/u2f_impl.o
 .ARM.attributes
                0x0000038c       0x41 obj/u2f_io.o
 .ARM.attributes
                0x000003cd       0x41 obj/u2f_transport.o
 .ARM.attributes
                0x0000040e       0x41 obj/usbd_conf.o
 .ARM.attributes
                0x0000044f       0x41 obj/usbd_core.o
 .ARM.attributes
                0x00000490       0x41 obj/usbd_ctlreq.o
 .ARM.attributes
                0x000004d1       0x41 obj/usbd_hid.o
 .ARM.attributes
                0x00000512       0x41 obj/usbd_impl.o
 .ARM.attributes
                0x00000553       0x41 obj/usbd_ioreq.o
 .ARM.attributes
                0x00000594       0x1e /ledgerdev/bolosenv/gcc-arm-none-eabi-5_3-2016q1/bin/../lib/gcc/arm-none-eabi/5.3.1/armv6-m/libgcc.a(_udivsi3.o)
 .ARM.attributes
                0x000005b2       0x1e /ledgerdev/bolosenv/gcc-arm-none-eabi-5_3-2016q1/bin/../lib/gcc/arm-none-eabi/5.3.1/armv6-m/libgcc.a(_divsi3.o)
 .ARM.attributes
                0x000005d0       0x1e /ledgerdev/bolosenv/gcc-arm-none-eabi-5_3-2016q1/bin/../lib/gcc/arm-none-eabi/5.3.1/armv6-m/libgcc.a(_dvmd_tls.o)
 .ARM.attributes
                0x000005ee       0x1e /ledgerdev/bolosenv/gcc-arm-none-eabi-5_3-2016q1/bin/../lib/gcc/arm-none-eabi/5.3.1/armv6-m/libgcc.a(_aeabi_ldivmod.o)
 .ARM.attributes
                0x0000060c       0x2c /ledgerdev/bolosenv/gcc-arm-none-eabi-5_3-2016q1/bin/../lib/gcc/arm-none-eabi/5.3.1/armv6-m/libgcc.a(bpabi.o)
 .ARM.attributes
                0x00000638       0x1e /ledgerdev/bolosenv/gcc-arm-none-eabi-5_3-2016q1/bin/../lib/gcc/arm-none-eabi/5.3.1/armv6-m/libgcc.a(_clzdi2.o)
 .ARM.attributes
                0x00000656       0x2c /ledgerdev/bolosenv/gcc-arm-none-eabi-5_3-2016q1/bin/../lib/gcc/arm-none-eabi/5.3.1/armv6-m/libgcc.a(_muldi3.o)
 .ARM.attributes
                0x00000682       0x2c /ledgerdev/bolosenv/gcc-arm-none-eabi-5_3-2016q1/bin/../lib/gcc/arm-none-eabi/5.3.1/armv6-m/libgcc.a(_divdi3.o)
 .ARM.attributes
                0x000006ae       0x1e /ledgerdev/bolosenv/gcc-arm-none-eabi-5_3-2016q1/bin/../lib/gcc/arm-none-eabi/5.3.1/armv6-m/libgcc.a(_clzsi2.o)
 .ARM.attributes